Archive member included to satisfy reference by file (symbol)

E:/programi/STM32CubeIDE_1.18.0/STM32CubeIDE/plugins/com.st.stm32cube.ide.mcu.externaltools.gnu-tools-for-stm32.13.3.rel1.win32_1.0.0.202411081344/tools/bin/../lib/gcc/arm-none-eabi/13.3.1/../../../../arm-none-eabi/lib/thumb/v7-m/nofp\libc_nano.a(libc_a-exit.o)
                              E:/programi/STM32CubeIDE_1.18.0/STM32CubeIDE/plugins/com.st.stm32cube.ide.mcu.externaltools.gnu-tools-for-stm32.13.3.rel1.win32_1.0.0.202411081344/tools/bin/../lib/gcc/arm-none-eabi/13.3.1/../../../../arm-none-eabi/lib/thumb/v7-m/nofp/crt0.o (exit)
E:/programi/STM32CubeIDE_1.18.0/STM32CubeIDE/plugins/com.st.stm32cube.ide.mcu.externaltools.gnu-tools-for-stm32.13.3.rel1.win32_1.0.0.202411081344/tools/bin/../lib/gcc/arm-none-eabi/13.3.1/../../../../arm-none-eabi/lib/thumb/v7-m/nofp\libc_nano.a(libc_a-findfp.o)
                              E:/programi/STM32CubeIDE_1.18.0/STM32CubeIDE/plugins/com.st.stm32cube.ide.mcu.externaltools.gnu-tools-for-stm32.13.3.rel1.win32_1.0.0.202411081344/tools/bin/../lib/gcc/arm-none-eabi/13.3.1/../../../../arm-none-eabi/lib/thumb/v7-m/nofp\libc_nano.a(libc_a-exit.o) (__stdio_exit_handler)
E:/programi/STM32CubeIDE_1.18.0/STM32CubeIDE/plugins/com.st.stm32cube.ide.mcu.externaltools.gnu-tools-for-stm32.13.3.rel1.win32_1.0.0.202411081344/tools/bin/../lib/gcc/arm-none-eabi/13.3.1/../../../../arm-none-eabi/lib/thumb/v7-m/nofp\libc_nano.a(libc_a-fwalk.o)
                              E:/programi/STM32CubeIDE_1.18.0/STM32CubeIDE/plugins/com.st.stm32cube.ide.mcu.externaltools.gnu-tools-for-stm32.13.3.rel1.win32_1.0.0.202411081344/tools/bin/../lib/gcc/arm-none-eabi/13.3.1/../../../../arm-none-eabi/lib/thumb/v7-m/nofp\libc_nano.a(libc_a-findfp.o) (_fwalk_sglue)
E:/programi/STM32CubeIDE_1.18.0/STM32CubeIDE/plugins/com.st.stm32cube.ide.mcu.externaltools.gnu-tools-for-stm32.13.3.rel1.win32_1.0.0.202411081344/tools/bin/../lib/gcc/arm-none-eabi/13.3.1/../../../../arm-none-eabi/lib/thumb/v7-m/nofp\libc_nano.a(libc_a-snprintf.o)
                              ./Core/Src/main.o (snprintf)
E:/programi/STM32CubeIDE_1.18.0/STM32CubeIDE/plugins/com.st.stm32cube.ide.mcu.externaltools.gnu-tools-for-stm32.13.3.rel1.win32_1.0.0.202411081344/tools/bin/../lib/gcc/arm-none-eabi/13.3.1/../../../../arm-none-eabi/lib/thumb/v7-m/nofp\libc_nano.a(libc_a-stdio.o)
                              E:/programi/STM32CubeIDE_1.18.0/STM32CubeIDE/plugins/com.st.stm32cube.ide.mcu.externaltools.gnu-tools-for-stm32.13.3.rel1.win32_1.0.0.202411081344/tools/bin/../lib/gcc/arm-none-eabi/13.3.1/../../../../arm-none-eabi/lib/thumb/v7-m/nofp\libc_nano.a(libc_a-findfp.o) (__sread)
E:/programi/STM32CubeIDE_1.18.0/STM32CubeIDE/plugins/com.st.stm32cube.ide.mcu.externaltools.gnu-tools-for-stm32.13.3.rel1.win32_1.0.0.202411081344/tools/bin/../lib/gcc/arm-none-eabi/13.3.1/../../../../arm-none-eabi/lib/thumb/v7-m/nofp\libc_nano.a(libc_a-memset.o)
                              E:/programi/STM32CubeIDE_1.18.0/STM32CubeIDE/plugins/com.st.stm32cube.ide.mcu.externaltools.gnu-tools-for-stm32.13.3.rel1.win32_1.0.0.202411081344/tools/bin/../lib/gcc/arm-none-eabi/13.3.1/../../../../arm-none-eabi/lib/thumb/v7-m/nofp/crt0.o (memset)
E:/programi/STM32CubeIDE_1.18.0/STM32CubeIDE/plugins/com.st.stm32cube.ide.mcu.externaltools.gnu-tools-for-stm32.13.3.rel1.win32_1.0.0.202411081344/tools/bin/../lib/gcc/arm-none-eabi/13.3.1/../../../../arm-none-eabi/lib/thumb/v7-m/nofp\libc_nano.a(libc_a-closer.o)
                              E:/programi/STM32CubeIDE_1.18.0/STM32CubeIDE/plugins/com.st.stm32cube.ide.mcu.externaltools.gnu-tools-for-stm32.13.3.rel1.win32_1.0.0.202411081344/tools/bin/../lib/gcc/arm-none-eabi/13.3.1/../../../../arm-none-eabi/lib/thumb/v7-m/nofp\libc_nano.a(libc_a-stdio.o) (_close_r)
E:/programi/STM32CubeIDE_1.18.0/STM32CubeIDE/plugins/com.st.stm32cube.ide.mcu.externaltools.gnu-tools-for-stm32.13.3.rel1.win32_1.0.0.202411081344/tools/bin/../lib/gcc/arm-none-eabi/13.3.1/../../../../arm-none-eabi/lib/thumb/v7-m/nofp\libc_nano.a(libc_a-reent.o)
                              E:/programi/STM32CubeIDE_1.18.0/STM32CubeIDE/plugins/com.st.stm32cube.ide.mcu.externaltools.gnu-tools-for-stm32.13.3.rel1.win32_1.0.0.202411081344/tools/bin/../lib/gcc/arm-none-eabi/13.3.1/../../../../arm-none-eabi/lib/thumb/v7-m/nofp\libc_nano.a(libc_a-closer.o) (errno)
E:/programi/STM32CubeIDE_1.18.0/STM32CubeIDE/plugins/com.st.stm32cube.ide.mcu.externaltools.gnu-tools-for-stm32.13.3.rel1.win32_1.0.0.202411081344/tools/bin/../lib/gcc/arm-none-eabi/13.3.1/../../../../arm-none-eabi/lib/thumb/v7-m/nofp\libc_nano.a(libc_a-impure.o)
                              E:/programi/STM32CubeIDE_1.18.0/STM32CubeIDE/plugins/com.st.stm32cube.ide.mcu.externaltools.gnu-tools-for-stm32.13.3.rel1.win32_1.0.0.202411081344/tools/bin/../lib/gcc/arm-none-eabi/13.3.1/../../../../arm-none-eabi/lib/thumb/v7-m/nofp\libc_nano.a(libc_a-snprintf.o) (_impure_ptr)
[...]
Memory Configuration

Name             Origin             Length             Attributes
RAM              0x20000000         0x00014000         xrw
FLASH            0x08000000         0x00080000         xr
*default*        0x00000000         0xffffffff

Linker script and memory map

LOAD E:/programi/STM32CubeIDE_1.18.0/STM32CubeIDE/plugins/com.st.stm32cube.ide.mcu.externaltools.gnu-tools-for-stm32.13.3.rel1.win32_1.0.0.202411081344/tools/bin/../lib/gcc/arm-none-eabi/13.3.1/thumb/v7-m/nofp/crti.o
LOAD E:/programi/STM32CubeIDE_1.18.0/STM32CubeIDE/plugins/com.st.stm32cube.ide.mcu.externaltools.gnu-tools-for-stm32.13.3.rel1.win32_1.0.0.202411081344/tools/bin/../lib/gcc/arm-none-eabi/13.3.1/thumb/v7-m/nofp/crtbegin.o
LOAD E:/programi/STM32CubeIDE_1.18.0/STM32CubeIDE/plugins/com.st.stm32cube.ide.mcu.externaltools.gnu-tools-for-stm32.13.3.rel1.win32_1.0.0.202411081344/tools/bin/../lib/gcc/arm-none-eabi/13.3.1/../../../../arm-none-eabi/lib/thumb/v7-m/nofp/crt0.o
LOAD ./Core/Src/LCDControl.o
LOAD ./Core/Src/main.o
LOAD ./Core/Src/menu.o
LOAD ./Core/Src/stm32l1xx_hal_msp.o
LOAD ./Core/Src/stm32l1xx_it.o
LOAD ./Core/Src/syscalls.o
LOAD ./Core/Src/sysmem.o
LOAD ./Core/Src/system_stm32l1xx.o
LOAD ./Core/Startup/startup_stm32l152retx.o
LOAD ./Drivers/STM32L1xx_HAL_Driver/Src/stm32l1xx_hal.o
LOAD ./Drivers/STM32L1xx_HAL_Driver/Src/stm32l1xx_hal_cortex.o
LOAD ./Drivers/STM32L1xx_HAL_Driver/Src/stm32l1xx_hal_dma.o
LOAD ./Drivers/STM32L1xx_HAL_Driver/Src/stm32l1xx_hal_exti.o
LOAD ./Drivers/STM32L1xx_HAL_Driver/Src/stm32l1xx_hal_flash.o
LOAD ./Drivers/STM32L1xx_HAL_Driver/Src/stm32l1xx_hal_flash_ex.o
LOAD ./Drivers/STM32L1xx_HAL_Driver/Src/stm32l1xx_hal_flash_ramfunc.o
LOAD ./Drivers/STM32L1xx_HAL_Driver/Src/stm32l1xx_hal_gpio.o
LOAD ./Drivers/STM32L1xx_HAL_Driver/Src/stm32l1xx_hal_pwr.o
LOAD ./Drivers/STM32L1xx_HAL_Driver/Src/stm32l1xx_hal_pwr_ex.o
LOAD ./Drivers/STM32L1xx_HAL_Driver/Src/stm32l1xx_hal_rcc.o
LOAD ./Drivers/STM32L1xx_HAL_Driver/Src/stm32l1xx_hal_rcc_ex.o
LOAD ./Drivers/STM32L1xx_HAL_Driver/Src/stm32l1xx_hal_tim.o
LOAD ./Drivers/STM32L1xx_HAL_Driver/Src/stm32l1xx_hal_tim_ex.o
LOAD ./Drivers/STM32L1xx_HAL_Driver/Src/stm32l1xx_hal_uart.o
START GROUP
LOAD E:/programi/STM32CubeIDE_1.18.0/STM32CubeIDE/plugins/com.st.stm32cube.ide.mcu.externaltools.gnu-tools-for-stm32.13.3.rel1.win32_1.0.0.202411081344/tools/bin/../lib/gcc/arm-none-eabi/13.3.1/../../../../arm-none-eabi/lib/thumb/v7-m/nofp\libc_nano.a
LOAD E:/programi/STM32CubeIDE_1.18.0/STM32CubeIDE/plugins/com.st.stm32cube.ide.mcu.externaltools.gnu-tools-for-stm32.13.3.rel1.win32_1.0.0.202411081344/tools/bin/../lib/gcc/arm-none-eabi/13.3.1/../../../../arm-none-eabi/lib/thumb/v7-m/nofp\libm.a
END GROUP
START GROUP
LOAD E:/programi/STM32CubeIDE_1.18.0/STM32CubeIDE/plugins/com.st.stm32cube.ide.mcu.externaltools.gnu-tools-for-stm32.13.3.rel1.win32_1.0.0.202411081344/tools/bin/../lib/gcc/arm-none-eabi/13.3.1/thumb/v7-m/nofp\libgcc.a
LOAD E:/programi/STM32CubeIDE_1.18.0/STM32CubeIDE/plugins/com.st.stm32cube.ide.mcu.externaltools.gnu-tools-for-stm32.13.3.rel1.win32_1.0.0.202411081344/tools/bin/../lib/gcc/arm-none-eabi/13.3.1/../../../../arm-none-eabi/lib/thumb/v7-m/nofp\libc_nano.a
END GROUP
START GROUP
LOAD E:/programi/STM32CubeIDE_1.18.0/STM32CubeIDE/plugins/com.st.stm32cube.ide.mcu.externaltools.gnu-tools-for-stm32.13.3.rel1.win32_1.0.0.202411081344/tools/bin/../lib/gcc/arm-none-eabi/13.3.1/thumb/v7-m/nofp\libgcc.a
LOAD E:/programi/STM32CubeIDE_1.18.0/STM32CubeIDE/plugins/com.st.stm32cube.ide.mcu.externaltools.gnu-tools-for-stm32.13.3.rel1.win32_1.0.0.202411081344/tools/bin/../lib/gcc/arm-none-eabi/13.3.1/../../../../arm-none-eabi/lib/thumb/v7-m/nofp\libc_nano.a
LOAD E:/programi/STM32CubeIDE_1.18.0/STM32CubeIDE/plugins/com.st.stm32cube.ide.mcu.externaltools.gnu-tools-for-stm32.13.3.rel1.win32_1.0.0.202411081344/tools/bin/../lib/gcc/arm-none-eabi/13.3.1/../../../../arm-none-eabi/lib/thumb/v7-m/nofp\libnosys.a
END GROUP
START GROUP
LOAD E:/programi/STM32CubeIDE_1.18.0/STM32CubeIDE/plugins/com.st.stm32cube.ide.mcu.externaltools.gnu-tools-for-stm32.13.3.rel1.win32_1.0.0.202411081344/tools/bin/../lib/gcc/arm-none-eabi/13.3.1/thumb/v7-m/nofp\libgcc.a
LOAD E:/programi/STM32CubeIDE_1.18.0/STM32CubeIDE/plugins/com.st.stm32cube.ide.mcu.externaltools.gnu-tools-for-stm32.13.3.rel1.win32_1.0.0.202411081344/tools/bin/../lib/gcc/arm-none-eabi/13.3.1/../../../../arm-none-eabi/lib/thumb/v7-m/nofp\libc_nano.a
LOAD E:/programi/STM32CubeIDE_1.18.0/STM32CubeIDE/plugins/com.st.stm32cube.ide.mcu.externaltools.gnu-tools-for-stm32.13.3.rel1.win32_1.0.0.202411081344/tools/bin/../lib/gcc/arm-none-eabi/13.3.1/../../../../arm-none-eabi/lib/thumb/v7-m/nofp\libnosys.a
END GROUP
LOAD E:/programi/STM32CubeIDE_1.18.0/STM32CubeIDE/plugins/com.st.stm32cube.ide.mcu.externaltools.gnu-tools-for-stm32.13.3.rel1.win32_1.0.0.202411081344/tools/bin/../lib/gcc/arm-none-eabi/13.3.1/thumb/v7-m/nofp/crtend.o
LOAD E:/programi/STM32CubeIDE_1.18.0/STM32CubeIDE/plugins/com.st.stm32cube.ide.mcu.externaltools.gnu-tools-for-stm32.13.3.rel1.win32_1.0.0.202411081344/tools/bin/../lib/gcc/arm-none-eabi/13.3.1/thumb/v7-m/nofp/crtn.o
                0x20014000                        _estack = (ORIGIN (RAM) + LENGTH (RAM))
                0x00000200                        _Min_Heap_Size = 0x200
                0x00000400                        _Min_Stack_Size = 0x400

.isr_vector     0x08000000      0x13c
                0x08000000                        . = ALIGN (0x4)
 *(.isr_vector)
 .isr_vector    0x08000000      0x13c ./Core/Startup/startup_stm32l152retx.o
                0x08000000                g_pfnVectors
                0x0800013c                        . = ALIGN (0x4)

.text           0x0800013c     0x3650
                0x0800013c                        . = ALIGN (0x4)
 *(.text)
 .text          0x0800013c       0x40 E:/programi/STM32CubeIDE_1.18.0/STM32CubeIDE/plugins/com.st.stm32cube.ide.mcu.externaltools.gnu-tools-for-stm32.13.3.rel1.win32_1.0.0.202411081344/tools/bin/../lib/gcc/arm-none-eabi/13.3.1/thumb/v7-m/nofp/crtbegin.o
 .text          0x0800017c       0x30 E:/programi/STM32CubeIDE_1.18.0/STM32CubeIDE/plugins/com.st.stm32cube.ide.mcu.externaltools.gnu-tools-for-stm32.13.3.rel1.win32_1.0.0.202411081344/tools/bin/../lib/gcc/arm-none-eabi/13.3.1/thumb/v7-m/nofp\libgcc.a(_aeabi_uldivmod.o)
                0x0800017c                __aeabi_uldivmod
 .text          0x080001ac      0x300 E:/programi/STM32CubeIDE_1.18.0/STM32CubeIDE/plugins/com.st.stm32cube.ide.mcu.externaltools.gnu-tools-for-stm32.13.3.rel1.win32_1.0.0.202411081344/tools/bin/../lib/gcc/arm-none-eabi/13.3.1/thumb/v7-m/nofp\libgcc.a(_udivmoddi4.o)
                0x080001ac                __udivmoddi4
 .text          0x080004ac        0x4 E:/programi/STM32CubeIDE_1.18.0/STM32CubeIDE/plugins/com.st.stm32cube.ide.mcu.externaltools.gnu-tools-for-stm32.13.3.rel1.win32_1.0.0.202411081344/tools/bin/../lib/gcc/arm-none-eabi/13.3.1/thumb/v7-m/nofp\libgcc.a(_dvmd_tls.o)
                0x080004ac                __aeabi_idiv0
                0x080004ac                __aeabi_ldiv0
 *(.text*)
 .text.delay    0x080004b0       0x30 ./Core/Src/LCDControl.o
                0x080004b0                delay
 .text.send_to_lcd
                0x080004e0       0xa4 ./Core/Src/LCDControl.o
                0x080004e0                send_to_lcd
 .text.lcd_send_cmd
                0x08000584       0x34 ./Core/Src/LCDControl.o
                0x08000584                lcd_send_cmd
 .text.lcd_send_data
                0x080005b8       0x34 ./Core/Src/LCDControl.o
                0x080005b8                lcd_send_data
 .text.lcd_clear
                0x080005ec       0x14 ./Core/Src/LCDControl.o
                0x080005ec                lcd_clear
 .text.lcd_put_cur
                0x08000600       0x74 ./Core/Src/LCDControl.o
                0x08000600                lcd_put_cur
 .text.lcd_init
                0x08000674       0x7a ./Core/Src/LCDControl.o
                0x08000674                lcd_init
 .text.lcd_send_string
                0x080006ee       0x2a ./Core/Src/LCDControl.o
                0x080006ee                lcd_send_string
 .text.main     0x08000718       0x44 ./Core/Src/main.o
                0x08000718                main
 .text.SystemClock_Config
                0x0800075c       0x9c ./Core/Src/main.o
                0x0800075c                SystemClock_Config
 .text.MX_TIM2_Init
                0x080007f8       0x98 ./Core/Src/main.o
 .text.MX_TIM4_Init
                0x08000890       0x9c ./Core/Src/main.o
 .text.MX_USART1_UART_Init
                0x0800092c       0x54 ./Core/Src/main.o
 .text.MX_GPIO_Init
                0x08000980      0x1b0 ./Core/Src/main.o
 .text.Error_Handler
                0x08000b30        0xc ./Core/Src/main.o
                0x08000b30                Error_Handler
 .text.InitMenu
                0x08000b3c      0x114 ./Core/Src/menu.o
                0x08000b3c                InitMenu
 .text.printChildren
                0x08000c50       0xe8 ./Core/Src/menu.o
                0x08000c50                printChildren
 .text.addLeaf  0x08000d38       0x60 ./Core/Src/menu.o
                0x08000d38                addLeaf
 .text.addNode  0x08000d98       0xb0 ./Core/Src/menu.o
                0x08000d98                addNode
 .text.getChildren
                0x08000e48       0x38 ./Core/Src/menu.o
                0x08000e48                getChildren
 .text.PrintMenu
                0x08000e80       0x38 ./Core/Src/menu.o
                0x08000e80                PrintMenu
 .text.OpenMenu
                0x08000eb8       0x70 ./Core/Src/menu.o
                0x08000eb8                OpenMenu
 .text.CloseMenu
                0x08000f28       0x3c ./Core/Src/menu.o
                0x08000f28                CloseMenu
 .text.executeLeafFunction
                0x08000f64       0x34 ./Core/Src/menu.o
                0x08000f64                executeLeafFunction
 .text.exampleFunction
                0x08000f98       0x2c ./Core/Src/menu.o
                0x08000f98                exampleFunction
 .text.isLeaf   0x08000fc4       0x2c ./Core/Src/menu.o
                0x08000fc4                isLeaf
 .text.HAL_MspInit
                0x08000ff0       0x60 ./Core/Src/stm32l1xx_hal_msp.o
                0x08000ff0                HAL_MspInit
 .text.HAL_TIM_Base_MspInit
                0x08001050       0x60 ./Core/Src/stm32l1xx_hal_msp.o
                0x08001050                HAL_TIM_Base_MspInit
 .text.HAL_UART_MspInit
                0x080010b0       0x88 ./Core/Src/stm32l1xx_hal_msp.o
                0x080010b0                HAL_UART_MspInit
 .text.NMI_Handler
                0x08001138        0x8 ./Core/Src/stm32l1xx_it.o
                0x08001138                NMI_Handler
 .text.HardFault_Handler
                0x08001140        0x8 ./Core/Src/stm32l1xx_it.o
                0x08001140                HardFault_Handler
 .text.MemManage_Handler
                0x08001148        0x8 ./Core/Src/stm32l1xx_it.o
                0x08001148                MemManage_Handler
 .text.BusFault_Handler
                0x08001150        0x8 ./Core/Src/stm32l1xx_it.o
                0x08001150                BusFault_Handler
 .text.UsageFault_Handler
                0x08001158        0x8 ./Core/Src/stm32l1xx_it.o
                0x08001158                UsageFault_Handler
 .text.SVC_Handler
                0x08001160        0xc ./Core/Src/stm32l1xx_it.o
                0x08001160                SVC_Handler
 .text.DebugMon_Handler
                0x0800116c        0xc ./Core/Src/stm32l1xx_it.o
                0x0800116c                DebugMon_Handler
 .text.PendSV_Handler
                0x08001178        0xc ./Core/Src/stm32l1xx_it.o
                0x08001178                PendSV_Handler
 .text.SysTick_Handler
                0x08001184        0xc ./Core/Src/stm32l1xx_it.o
                0x08001184                SysTick_Handler
 .text.EXTI0_IRQHandler
                0x08001190       0x7c ./Core/Src/stm32l1xx_it.o
                0x08001190                EXTI0_IRQHandler
 .text.EXTI1_IRQHandler
                0x0800120c       0x50 ./Core/Src/stm32l1xx_it.o
                0x0800120c                EXTI1_IRQHandler
 .text._sbrk    0x0800125c       0x6c ./Core/Src/sysmem.o
                0x0800125c                _sbrk
 .text.SystemInit
                0x080012c8        0xc ./Core/Src/system_stm32l1xx.o
                0x080012c8                SystemInit
 .text.Reset_Handler
                0x080012d4       0x48 ./Core/Startup/startup_stm32l152retx.o
                0x080012d4                Reset_Handler
 .text.Default_Handler
                0x0800131c        0x2 ./Core/Startup/startup_stm32l152retx.o
                0x0800131c                RTC_Alarm_IRQHandler
                0x0800131c                EXTI2_IRQHandler
                0x0800131c                COMP_ACQ_IRQHandler
                0x0800131c                TIM10_IRQHandler
                0x0800131c                USB_HP_IRQHandler
                0x0800131c                TIM6_IRQHandler
                0x0800131c                PVD_IRQHandler
                0x0800131c                EXTI3_IRQHandler
                0x0800131c                I2C2_EV_IRQHandler
                0x0800131c                SPI1_IRQHandler
                0x0800131c                USB_FS_WKUP_IRQHandler
                0x0800131c                DMA2_Channel2_IRQHandler
                0x0800131c                DMA1_Channel4_IRQHandler
                0x0800131c                ADC1_IRQHandler
                0x0800131c                USART3_IRQHandler
                0x0800131c                DMA1_Channel7_IRQHandler
                0x0800131c                LCD_IRQHandler
                0x0800131c                UART5_IRQHandler
                0x0800131c                TIM4_IRQHandler
                0x0800131c                DMA2_Channel1_IRQHandler
                0x0800131c                I2C1_EV_IRQHandler
                0x0800131c                DMA1_Channel6_IRQHandler
                0x0800131c                UART4_IRQHandler
                0x0800131c                DMA2_Channel4_IRQHandler
                0x0800131c                TIM3_IRQHandler
                0x0800131c                RCC_IRQHandler
                0x0800131c                DMA1_Channel1_IRQHandler
                0x0800131c                Default_Handler
                0x0800131c                EXTI15_10_IRQHandler
                0x0800131c                TIM7_IRQHandler
                0x0800131c                TIM5_IRQHandler
                0x0800131c                EXTI9_5_IRQHandler
                0x0800131c                TIM9_IRQHandler
                0x0800131c                TAMPER_STAMP_IRQHandler
                0x0800131c                RTC_WKUP_IRQHandler
                0x0800131c                SPI2_IRQHandler
                0x0800131c                DMA2_Channel5_IRQHandler
                0x0800131c                DMA1_Channel5_IRQHandler
                0x0800131c                USB_LP_IRQHandler
                0x0800131c                EXTI4_IRQHandler
                0x0800131c                DMA1_Channel3_IRQHandler
                0x0800131c                COMP_IRQHandler
                0x0800131c                WWDG_IRQHandler
                0x0800131c                TIM2_IRQHandler
                0x0800131c                DAC_IRQHandler
                0x0800131c                TIM11_IRQHandler
                0x0800131c                USART2_IRQHandler
                0x0800131c                I2C2_ER_IRQHandler
                0x0800131c                DMA1_Channel2_IRQHandler
                0x0800131c                FLASH_IRQHandler
                0x0800131c                USART1_IRQHandler
                0x0800131c                SPI3_IRQHandler
                0x0800131c                I2C1_ER_IRQHandler
                0x0800131c                DMA2_Channel3_IRQHandler
 .text.HAL_Init
                0x0800131e       0x30 ./Drivers/STM32L1xx_HAL_Driver/Src/stm32l1xx_hal.o
                0x0800131e                HAL_Init
 *fill*         0x0800134e        0x2 
 .text.HAL_InitTick
                0x08001350       0x74 ./Drivers/STM32L1xx_HAL_Driver/Src/stm32l1xx_hal.o
                0x08001350                HAL_InitTick
 .text.HAL_IncTick
                0x080013c4       0x24 ./Drivers/STM32L1xx_HAL_Driver/Src/stm32l1xx_hal.o
                0x080013c4                HAL_IncTick
 .text.HAL_GetTick
                0x080013e8       0x14 ./Drivers/STM32L1xx_HAL_Driver/Src/stm32l1xx_hal.o
                0x080013e8                HAL_GetTick
 .text.HAL_Delay
                0x080013fc       0x44 ./Drivers/STM32L1xx_HAL_Driver/Src/stm32l1xx_hal.o
                0x080013fc                HAL_Delay
 .text.__NVIC_SetPriorityGrouping
                0x08001440       0x48 ./Drivers/STM32L1xx_HAL_Driver/Src/stm32l1xx_hal_cortex.o
 .text.__NVIC_GetPriorityGrouping
                0x08001488       0x1c ./Drivers/STM32L1xx_HAL_Driver/Src/stm32l1xx_hal_cortex.o
 .text.__NVIC_EnableIRQ
                0x080014a4       0x38 ./Drivers/STM32L1xx_HAL_Driver/Src/stm32l1xx_hal_cortex.o
 .text.__NVIC_SetPriority
                0x080014dc       0x54 ./Drivers/STM32L1xx_HAL_Driver/Src/stm32l1xx_hal_cortex.o
 .text.NVIC_EncodePriority
                0x08001530       0x64 ./Drivers/STM32L1xx_HAL_Driver/Src/stm32l1xx_hal_cortex.o
 .text.SysTick_Config
                0x08001594       0x44 ./Drivers/STM32L1xx_HAL_Driver/Src/stm32l1xx_hal_cortex.o
 .text.HAL_NVIC_SetPriorityGrouping
                0x080015d8       0x16 ./Drivers/STM32L1xx_HAL_Driver/Src/stm32l1xx_hal_cortex.o
                0x080015d8                HAL_NVIC_SetPriorityGrouping
 .text.HAL_NVIC_SetPriority
                0x080015ee       0x38 ./Drivers/STM32L1xx_HAL_Driver/Src/stm32l1xx_hal_cortex.o
                0x080015ee                HAL_NVIC_SetPriority
 .text.HAL_NVIC_EnableIRQ
                0x08001626       0x1c ./Drivers/STM32L1xx_HAL_Driver/Src/stm32l1xx_hal_cortex.o
                0x08001626                HAL_NVIC_EnableIRQ
 .text.HAL_SYSTICK_Config
                0x08001642       0x18 ./Drivers/STM32L1xx_HAL_Driver/Src/stm32l1xx_hal_cortex.o
                0x08001642                HAL_SYSTICK_Config
 *fill*         0x0800165a        0x2 
 .text.HAL_GPIO_Init
                0x0800165c      0x320 ./Drivers/STM32L1xx_HAL_Driver/Src/stm32l1xx_hal_gpio.o
                0x0800165c                HAL_GPIO_Init
 .text.HAL_GPIO_ReadPin
                0x0800197c       0x2e ./Drivers/STM32L1xx_HAL_Driver/Src/stm32l1xx_hal_gpio.o
                0x0800197c                HAL_GPIO_ReadPin
 .text.HAL_GPIO_WritePin
                0x080019aa       0x30 ./Drivers/STM32L1xx_HAL_Driver/Src/stm32l1xx_hal_gpio.o
                0x080019aa                HAL_GPIO_WritePin
 *fill*         0x080019da        0x2 
 .text.HAL_GPIO_EXTI_IRQHandler
                0x080019dc       0x30 ./Drivers/STM32L1xx_HAL_Driver/Src/stm32l1xx_hal_gpio.o
                0x080019dc                HAL_GPIO_EXTI_IRQHandler
 .text.HAL_GPIO_EXTI_Callback
                0x08001a0c       0x14 ./Drivers/STM32L1xx_HAL_Driver/Src/stm32l1xx_hal_gpio.o
                0x08001a0c                HAL_GPIO_EXTI_Callback
 .text.HAL_RCC_OscConfig
                0x08001a20      0x660 ./Drivers/STM32L1xx_HAL_Driver/Src/stm32l1xx_hal_rcc.o
                0x08001a20                HAL_RCC_OscConfig
 .text.HAL_RCC_ClockConfig
                0x08002080      0x268 ./Drivers/STM32L1xx_HAL_Driver/Src/stm32l1xx_hal_rcc.o
                0x08002080                HAL_RCC_ClockConfig
 .text.HAL_RCC_GetSysClockFreq
                0x080022e8      0x200 ./Drivers/STM32L1xx_HAL_Driver/Src/stm32l1xx_hal_rcc.o
                0x080022e8                HAL_RCC_GetSysClockFreq
 .text.HAL_RCC_GetHCLKFreq
                0x080024e8       0x14 ./Drivers/STM32L1xx_HAL_Driver/Src/stm32l1xx_hal_rcc.o
                0x080024e8                HAL_RCC_GetHCLKFreq
 .text.HAL_RCC_GetPCLK1Freq
                0x080024fc       0x28 ./Drivers/STM32L1xx_HAL_Driver/Src/stm32l1xx_hal_rcc.o
                0x080024fc                HAL_RCC_GetPCLK1Freq
 .text.HAL_RCC_GetPCLK2Freq
                0x08002524       0x28 ./Drivers/STM32L1xx_HAL_Driver/Src/stm32l1xx_hal_rcc.o
                0x08002524                HAL_RCC_GetPCLK2Freq
 .text.RCC_SetFlashLatencyFromMSIRange
                0x0800254c       0xc0 ./Drivers/STM32L1xx_HAL_Driver/Src/stm32l1xx_hal_rcc.o
 .text.HAL_TIM_Base_Init
                0x0800260c       0x7e ./Drivers/STM32L1xx_HAL_Driver/Src/stm32l1xx_hal_tim.o
                0x0800260c                HAL_TIM_Base_Init
 *fill*         0x0800268a        0x2 
 .text.HAL_TIM_Base_Start
                0x0800268c       0x94 ./Drivers/STM32L1xx_HAL_Driver/Src/stm32l1xx_hal_tim.o
                0x0800268c                HAL_TIM_Base_Start
 .text.HAL_TIM_ConfigClockSource
                0x08002720      0x18e ./Drivers/STM32L1xx_HAL_Driver/Src/stm32l1xx_hal_tim.o
                0x08002720                HAL_TIM_ConfigClockSource
 *fill*         0x080028ae        0x2 
 .text.TIM_Base_SetConfig
                0x080028b0       0xec ./Drivers/STM32L1xx_HAL_Driver/Src/stm32l1xx_hal_tim.o
 .text.TIM_TI1_ConfigInputStage
                0x0800299c       0x5c ./Drivers/STM32L1xx_HAL_Driver/Src/stm32l1xx_hal_tim.o
 .text.TIM_TI2_ConfigInputStage
                0x080029f8       0x5e ./Drivers/STM32L1xx_HAL_Driver/Src/stm32l1xx_hal_tim.o
 .text.TIM_ITRx_SetConfig
                0x08002a56       0x34 ./Drivers/STM32L1xx_HAL_Driver/Src/stm32l1xx_hal_tim.o
 .text.TIM_ETR_SetConfig
                0x08002a8a       0x3e ./Drivers/STM32L1xx_HAL_Driver/Src/stm32l1xx_hal_tim.o
 .text.HAL_TIMEx_MasterConfigSynchronization
                0x08002ac8       0xbc ./Drivers/STM32L1xx_HAL_Driver/Src/stm32l1xx_hal_tim_ex.o
                0x08002ac8                HAL_TIMEx_MasterConfigSynchronization
 .text.HAL_UART_Init
                0x08002b84       0xa0 ./Drivers/STM32L1xx_HAL_Driver/Src/stm32l1xx_hal_uart.o
                0x08002b84                HAL_UART_Init
 .text.UART_SetConfig
                0x08002c24      0x1c8 ./Drivers/STM32L1xx_HAL_Driver/Src/stm32l1xx_hal_uart.o
 .text.snprintf
                0x08002dec       0x6c E:/programi/STM32CubeIDE_1.18.0/STM32CubeIDE/plugins/com.st.stm32cube.ide.mcu.externaltools.gnu-tools-for-stm32.13.3.rel1.win32_1.0.0.202411081344/tools/bin/../lib/gcc/arm-none-eabi/13.3.1/../../../../arm-none-eabi/lib/thumb/v7-m/nofp\libc_nano.a(libc_a-snprintf.o)
                0x08002dec                sniprintf
                0x08002dec                snprintf
 .text.memset   0x08002e58       0x10 E:/programi/STM32CubeIDE_1.18.0/STM32CubeIDE/plugins/com.st.stm32cube.ide.mcu.externaltools.gnu-tools-for-stm32.13.3.rel1.win32_1.0.0.202411081344/tools/bin/../lib/gcc/arm-none-eabi/13.3.1/../../../../arm-none-eabi/lib/thumb/v7-m/nofp\libc_nano.a(libc_a-memset.o)
                0x08002e58                memset
 .text.__errno  0x08002e68        0xc E:/programi/STM32CubeIDE_1.18.0/STM32CubeIDE/plugins/com.st.stm32cube.ide.mcu.externaltools.gnu-tools-for-stm32.13.3.rel1.win32_1.0.0.202411081344/tools/bin/../lib/gcc/arm-none-eabi/13.3.1/../../../../arm-none-eabi/lib/thumb/v7-m/nofp\libc_nano.a(libc_a-errno.o)
                0x08002e68                __errno
 .text.__libc_init_array
                0x08002e74       0x48 E:/programi/STM32CubeIDE_1.18.0/STM32CubeIDE/plugins/com.st.stm32cube.ide.mcu.externaltools.gnu-tools-for-stm32.13.3.rel1.win32_1.0.0.202411081344/tools/bin/../lib/gcc/arm-none-eabi/13.3.1/../../../../arm-none-eabi/lib/thumb/v7-m/nofp\libc_nano.a(libc_a-init.o)
                0x08002e74                __libc_init_array
 .text.__retarget_lock_acquire_recursive
                0x08002ebc        0x2 E:/programi/STM32CubeIDE_1.18.0/STM32CubeIDE/plugins/com.st.stm32cube.ide.mcu.externaltools.gnu-tools-for-stm32.13.3.rel1.win32_1.0.0.202411081344/tools/bin/../lib/gcc/arm-none-eabi/13.3.1/../../../../arm-none-eabi/lib/thumb/v7-m/nofp\libc_nano.a(libc_a-lock.o)
                0x08002ebc                __retarget_lock_acquire_recursive
 .text.__retarget_lock_release_recursive
                0x08002ebe        0x2 E:/programi/STM32CubeIDE_1.18.0/STM32CubeIDE/plugins/com.st.stm32cube.ide.mcu.externaltools.gnu-tools-for-stm32.13.3.rel1.win32_1.0.0.202411081344/tools/bin/../lib/gcc/arm-none-eabi/13.3.1/../../../../arm-none-eabi/lib/thumb/v7-m/nofp\libc_nano.a(libc_a-lock.o)
                0x08002ebe                __retarget_lock_release_recursive
 .text._free_r  0x08002ec0       0x90 E:/programi/STM32CubeIDE_1.18.0/STM32CubeIDE/plugins/com.st.stm32cube.ide.mcu.externaltools.gnu-tools-for-stm32.13.3.rel1.win32_1.0.0.202411081344/tools/bin/../lib/gcc/arm-none-eabi/13.3.1/../../../../arm-none-eabi/lib/thumb/v7-m/nofp\libc_nano.a(libc_a-freer.o)
                0x08002ec0                _free_r
 .text.sbrk_aligned
                0x08002f50       0x44 E:/programi/STM32CubeIDE_1.18.0/STM32CubeIDE/plugins/com.st.stm32cube.ide.mcu.externaltools.gnu-tools-for-stm32.13.3.rel1.win32_1.0.0.202411081344/tools/bin/../lib/gcc/arm-none-eabi/13.3.1/../../../../arm-none-eabi/lib/thumb/v7-m/nofp\libc_nano.a(libc_a-mallocr.o)
 .text._malloc_r
                0x08002f94      0x100 E:/programi/STM32CubeIDE_1.18.0/STM32CubeIDE/plugins/com.st.stm32cube.ide.mcu.externaltools.gnu-tools-for-stm32.13.3.rel1.win32_1.0.0.202411081344/tools/bin/../lib/gcc/arm-none-eabi/13.3.1/../../../../arm-none-eabi/lib/thumb/v7-m/nofp\libc_nano.a(libc_a-mallocr.o)
                0x08002f94                _malloc_r
 .text.__malloc_lock
                0x08003094        0xc E:/programi/STM32CubeIDE_1.18.0/STM32CubeIDE/plugins/com.st.stm32cube.ide.mcu.externaltools.gnu-tools-for-stm32.13.3.rel1.win32_1.0.0.202411081344/tools/bin/../lib/gcc/arm-none-eabi/13.3.1/../../../../arm-none-eabi/lib/thumb/v7-m/nofp\libc_nano.a(libc_a-mlock.o)
                0x08003094                __malloc_lock
 .text.__malloc_unlock
                0x080030a0        0xc E:/programi/STM32CubeIDE_1.18.0/STM32CubeIDE/plugins/com.st.stm32cube.ide.mcu.externaltools.gnu-tools-for-stm32.13.3.rel1.win32_1.0.0.202411081344/tools/bin/../lib/gcc/arm-none-eabi/13.3.1/../../../../arm-none-eabi/lib/thumb/v7-m/nofp\libc_nano.a(libc_a-mlock.o)
                0x080030a0                __malloc_unlock
 .text.__ssputs_r
                0x080030ac       0xb6 E:/programi/STM32CubeIDE_1.18.0/STM32CubeIDE/plugins/com.st.stm32cube.ide.mcu.externaltools.gnu-tools-for-stm32.13.3.rel1.win32_1.0.0.202411081344/tools/bin/../lib/gcc/arm-none-eabi/13.3.1/../../../../arm-none-eabi/lib/thumb/v7-m/nofp\libc_nano.a(libc_a-nano-svfprintf.o)
                0x080030ac                __ssputs_r
 *fill*         0x08003162        0x2 
 .text._svfprintf_r
                0x08003164      0x1f8 E:/programi/STM32CubeIDE_1.18.0/STM32CubeIDE/plugins/com.st.stm32cube.ide.mcu.externaltools.gnu-tools-for-stm32.13.3.rel1.win32_1.0.0.202411081344/tools/bin/../lib/gcc/arm-none-eabi/13.3.1/../../../../arm-none-eabi/lib/thumb/v7-m/nofp\libc_nano.a(libc_a-nano-svfprintf.o)
                0x08003164                _svfiprintf_r
                0x08003164                _svfprintf_r
 .text._printf_common
                0x0800335c       0xe4 E:/programi/STM32CubeIDE_1.18.0/STM32CubeIDE/plugins/com.st.stm32cube.ide.mcu.externaltools.gnu-tools-for-stm32.13.3.rel1.win32_1.0.0.202411081344/tools/bin/../lib/gcc/arm-none-eabi/13.3.1/../../../../arm-none-eabi/lib/thumb/v7-m/nofp\libc_nano.a(libc_a-nano-vfprintf_i.o)
                0x0800335c                _printf_common
 .text._printf_i
                0x08003440      0x23c E:/programi/STM32CubeIDE_1.18.0/STM32CubeIDE/plugins/com.st.stm32cube.ide.mcu.externaltools.gnu-tools-for-stm32.13.3.rel1.win32_1.0.0.202411081344/tools/bin/../lib/gcc/arm-none-eabi/13.3.1/../../../../arm-none-eabi/lib/thumb/v7-m/nofp\libc_nano.a(libc_a-nano-vfprintf_i.o)
                0x08003440                _printf_i
 .text.memmove  0x0800367c       0x34 E:/programi/STM32CubeIDE_1.18.0/STM32CubeIDE/plugins/com.st.stm32cube.ide.mcu.externaltools.gnu-tools-for-stm32.13.3.rel1.win32_1.0.0.202411081344/tools/bin/../lib/gcc/arm-none-eabi/13.3.1/../../../../arm-none-eabi/lib/thumb/v7-m/nofp\libc_nano.a(libc_a-memmove.o)
                0x0800367c                memmove
 .text._sbrk_r  0x080036b0       0x20 E:/programi/STM32CubeIDE_1.18.0/STM32CubeIDE/plugins/com.st.stm32cube.ide.mcu.externaltools.gnu-tools-for-stm32.13.3.rel1.win32_1.0.0.202411081344/tools/bin/../lib/gcc/arm-none-eabi/13.3.1/../../../../arm-none-eabi/lib/thumb/v7-m/nofp\libc_nano.a(libc_a-sbrkr.o)
                0x080036b0                _sbrk_r
 .text.memchr   0x080036d0       0x1c E:/programi/STM32CubeIDE_1.18.0/STM32CubeIDE/plugins/com.st.stm32cube.ide.mcu.externaltools.gnu-tools-for-stm32.13.3.rel1.win32_1.0.0.202411081344/tools/bin/../lib/gcc/arm-none-eabi/13.3.1/../../../../arm-none-eabi/lib/thumb/v7-m/nofp\libc_nano.a(libc_a-memchr-stub.o)
                0x080036d0                memchr
 .text.memcpy   0x080036ec       0x1c E:/programi/STM32CubeIDE_1.18.0/STM32CubeIDE/plugins/com.st.stm32cube.ide.mcu.externaltools.gnu-tools-for-stm32.13.3.rel1.win32_1.0.0.202411081344/tools/bin/../lib/gcc/arm-none-eabi/13.3.1/../../../../arm-none-eabi/lib/thumb/v7-m/nofp\libc_nano.a(libc_a-memcpy-stub.o)
                0x080036ec                memcpy
 .text._realloc_r
                0x08003708       0x5c E:/programi/STM32CubeIDE_1.18.0/STM32CubeIDE/plugins/com.st.stm32cube.ide.mcu.externaltools.gnu-tools-for-stm32.13.3.rel1.win32_1.0.0.202411081344/tools/bin/../lib/gcc/arm-none-eabi/13.3.1/../../../../arm-none-eabi/lib/thumb/v7-m/nofp\libc_nano.a(libc_a-reallocr.o)
                0x08003708                _realloc_r
 .text._malloc_usable_size_r
                0x08003764       0x10 E:/programi/STM32CubeIDE_1.18.0/STM32CubeIDE/plugins/com.st.stm32cube.ide.mcu.externaltools.gnu-tools-for-stm32.13.3.rel1.win32_1.0.0.202411081344/tools/bin/../lib/gcc/arm-none-eabi/13.3.1/../../../../arm-none-eabi/lib/thumb/v7-m/nofp\libc_nano.a(libc_a-msizer.o)
                0x08003764                _malloc_usable_size_r
 *(.glue_7)
 .glue_7        0x08003774        0x0 linker stubs
 *(.glue_7t)
 .glue_7t       0x08003774        0x0 linker stubs
 *(.eh_frame)
 .eh_frame      0x08003774        0x0 E:/programi/STM32CubeIDE_1.18.0/STM32CubeIDE/plugins/com.st.stm32cube.ide.mcu.externaltools.gnu-tools-for-stm32.13.3.rel1.win32_1.0.0.202411081344/tools/bin/../lib/gcc/arm-none-eabi/13.3.1/thumb/v7-m/nofp/crtbegin.o
 *(.init)
 .init          0x08003774        0x4 E:/programi/STM32CubeIDE_1.18.0/STM32CubeIDE/plugins/com.st.stm32cube.ide.mcu.externaltools.gnu-tools-for-stm32.13.3.rel1.win32_1.0.0.202411081344/tools/bin/../lib/gcc/arm-none-eabi/13.3.1/thumb/v7-m/nofp/crti.o
                0x08003774                _init
 .init          0x08003778        0x8 E:/programi/STM32CubeIDE_1.18.0/STM32CubeIDE/plugins/com.st.stm32cube.ide.mcu.externaltools.gnu-tools-for-stm32.13.3.rel1.win32_1.0.0.202411081344/tools/bin/../lib/gcc/arm-none-eabi/13.3.1/thumb/v7-m/nofp/crtn.o
 *(.fini)
 .fini          0x08003780        0x4 E:/programi/STM32CubeIDE_1.18.0/STM32CubeIDE/plugins/com.st.stm32cube.ide.mcu.externaltools.gnu-tools-for-stm32.13.3.rel1.win32_1.0.0.202411081344/tools/bin/../lib/gcc/arm-none-eabi/13.3.1/thumb/v7-m/nofp/crti.o
                0x08003780                _fini
 .fini          0x08003784        0x8 E:/programi/STM32CubeIDE_1.18.0/STM32CubeIDE/plugins/com.st.stm32cube.ide.mcu.externaltools.gnu-tools-for-stm32.13.3.rel1.win32_1.0.0.202411081344/tools/bin/../lib/gcc/arm-none-eabi/13.3.1/thumb/v7-m/nofp/crtn.o
                0x0800378c                        . = ALIGN (0x4)
                0x0800378c                        _etext = .

.vfp11_veneer   0x0800378c        0x0
 .vfp11_veneer  0x0800378c        0x0 linker stubs

.v4_bx          0x0800378c        0x0
 .v4_bx         0x0800378c        0x0 linker stubs

.iplt           0x0800378c        0x0
 .iplt          0x0800378c        0x0 E:/programi/STM32CubeIDE_1.18.0/STM32CubeIDE/plugins/com.st.stm32cube.ide.mcu.externaltools.gnu-tools-for-stm32.13.3.rel1.win32_1.0.0.202411081344/tools/bin/../lib/gcc/arm-none-eabi/13.3.1/thumb/v7-m/nofp/crtbegin.o

.rodata         0x0800378c      0x140
                0x0800378c                        . = ALIGN (0x4)
 *(.rodata)
 .rodata        0x0800378c       0xe7 ./Core/Src/menu.o
 *(.rodata*)
 *fill*         0x08003873        0x1 
 .rodata.PLLMulTable
                0x08003874        0x9 ./Core/Src/system_stm32l1xx.o
                0x08003874                PLLMulTable
 *fill*         0x0800387d        0x3 
 .rodata.AHBPrescTable
                0x08003880       0x10 ./Core/Src/system_stm32l1xx.o
                0x08003880                AHBPrescTable
 .rodata.APBPrescTable
                0x08003890        0x8 ./Core/Src/system_stm32l1xx.o
                0x08003890                APBPrescTable
 .rodata._svfprintf_r.str1.1
                0x08003898       0x33 E:/programi/STM32CubeIDE_1.18.0/STM32CubeIDE/plugins/com.st.stm32cube.ide.mcu.externaltools.gnu-tools-for-stm32.13.3.rel1.win32_1.0.0.202411081344/tools/bin/../lib/gcc/arm-none-eabi/13.3.1/../../../../arm-none-eabi/lib/thumb/v7-m/nofp\libc_nano.a(libc_a-nano-svfprintf.o)
                                 0x11 (size before relaxing)
 .rodata._printf_i.str1.1
                0x080038cb       0x22 E:/programi/STM32CubeIDE_1.18.0/STM32CubeIDE/plugins/com.st.stm32cube.ide.mcu.externaltools.gnu-tools-for-stm32.13.3.rel1.win32_1.0.0.202411081344/tools/bin/../lib/gcc/arm-none-eabi/13.3.1/../../../../arm-none-eabi/lib/thumb/v7-m/nofp\libc_nano.a(libc_a-nano-vfprintf_i.o)
                0x080038f0                        . = ALIGN (0x4)
 *fill*         0x080038cb        0x1 

.ARM.extab      0x080038cc        0x0
                0x080038cc                        . = ALIGN (0x4)
 *(.ARM.extab* .gnu.linkonce.armextab.*)
                0x080038cc                        . = ALIGN (0x4)

.ARM            0x080038cc        0x8
                0x080038cc                        . = ALIGN (0x4)
                0x080038cc                        __exidx_start = .
 *(.ARM.exidx*)
 .ARM.exidx     0x080038cc        0x8 E:/programi/STM32CubeIDE_1.18.0/STM32CubeIDE/plugins/com.st.stm32cube.ide.mcu.externaltools.gnu-tools-for-stm32.13.3.rel1.win32_1.0.0.202411081344/tools/bin/../lib/gcc/arm-none-eabi/13.3.1/thumb/v7-m/nofp\libgcc.a(_udivmoddi4.o)
                0x080038d4                        __exidx_end = .
                0x080038d4                        . = ALIGN (0x4)

.preinit_array  0x080038d4        0x0
                0x080038d4                        . = ALIGN (0x4)
                0x080038d4                        PROVIDE (__preinit_array_start = .)
 *(.preinit_array*)
                0x080038d4                        PROVIDE (__preinit_array_end = .)
                0x080038d4                        . = ALIGN (0x4)

.init_array     0x080038d4        0x4
                0x080038d4                        . = ALIGN (0x4)
                0x080038d4                        PROVIDE (__init_array_start = .)
 *(SORT_BY_NAME(.init_array.*))
 *(.init_array*)
 .init_array    0x080038d4        0x4 E:/programi/STM32CubeIDE_1.18.0/STM32CubeIDE/plugins/com.st.stm32cube.ide.mcu.externaltools.gnu-tools-for-stm32.13.3.rel1.win32_1.0.0.202411081344/tools/bin/../lib/gcc/arm-none-eabi/13.3.1/thumb/v7-m/nofp/crtbegin.o
                0x080038d8                        PROVIDE (__init_array_end = .)
                0x080038d8                        . = ALIGN (0x4)

.fini_array     0x080038d8        0x4
                0x080038d8                        . = ALIGN (0x4)
                [!provide]                        PROVIDE (__fini_array_start = .)
 *(SORT_BY_NAME(.fini_array.*))
 *(.fini_array*)
 .fini_array    0x080038d8        0x4 E:/programi/STM32CubeIDE_1.18.0/STM32CubeIDE/plugins/com.st.stm32cube.ide.mcu.externaltools.gnu-tools-for-stm32.13.3.rel1.win32_1.0.0.202411081344/tools/bin/../lib/gcc/arm-none-eabi/13.3.1/thumb/v7-m/nofp/crtbegin.o
                [!provide]                        PROVIDE (__fini_array_end = .)
                0x080038dc                        . = ALIGN (0x4)
                0x080038dc                        _sidata = LOADADDR (.data)

.rel.dyn        0x080038dc        0x0
 .rel.iplt      0x080038dc        0x0 E:/programi/STM32CubeIDE_1.18.0/STM32CubeIDE/plugins/com.st.stm32cube.ide.mcu.externaltools.gnu-tools-for-stm32.13.3.rel1.win32_1.0.0.202411081344/tools/bin/../lib/gcc/arm-none-eabi/13.3.1/thumb/v7-m/nofp/crtbegin.o

.data           0x20000000       0x5c load address 0x080038dc
                0x20000000                        . = ALIGN (0x4)
                0x20000000                        _sdata = .
 *(.data)
 *(.data*)
 .data.SystemCoreClock
                0x20000000        0x4 ./Core/Src/system_stm32l1xx.o
                0x20000000                SystemCoreClock
 .data.uwTickPrio
                0x20000004        0x4 ./Drivers/STM32L1xx_HAL_Driver/Src/stm32l1xx_hal.o
                0x20000004                uwTickPrio
 .data.uwTickFreq
                0x20000008        0x4 ./Drivers/STM32L1xx_HAL_Driver/Src/stm32l1xx_hal.o
                0x20000008                uwTickFreq
 .data._impure_ptr
                0x2000000c        0x4 E:/programi/STM32CubeIDE_1.18.0/STM32CubeIDE/plugins/com.st.stm32cube.ide.mcu.externaltools.gnu-tools-for-stm32.13.3.rel1.win32_1.0.0.202411081344/tools/bin/../lib/gcc/arm-none-eabi/13.3.1/../../../../arm-none-eabi/lib/thumb/v7-m/nofp\libc_nano.a(libc_a-impure.o)
                0x2000000c                _impure_ptr
 .data._impure_data
                0x20000010       0x4c E:/programi/STM32CubeIDE_1.18.0/STM32CubeIDE/plugins/com.st.stm32cube.ide.mcu.externaltools.gnu-tools-for-stm32.13.3.rel1.win32_1.0.0.202411081344/tools/bin/../lib/gcc/arm-none-eabi/13.3.1/../../../../arm-none-eabi/lib/thumb/v7-m/nofp\libc_nano.a(libc_a-impure.o)
                0x20000010                _impure_data
 *(.RamFunc)
 *(.RamFunc*)
                0x2000005c                        . = ALIGN (0x4)
                0x2000005c                        _edata = .

.igot.plt       0x2000005c        0x0 load address 0x08003938
 .igot.plt      0x2000005c        0x0 E:/programi/STM32CubeIDE_1.18.0/STM32CubeIDE/plugins/com.st.stm32cube.ide.mcu.externaltools.gnu-tools-for-stm32.13.3.rel1.win32_1.0.0.202411081344/tools/bin/../lib/gcc/arm-none-eabi/13.3.1/thumb/v7-m/nofp/crtbegin.o
                0x2000005c                        . = ALIGN (0x4)

.bss            0x2000005c     0x1e68 load address 0x08003938
                0x2000005c                        _sbss = .
                0x2000005c                        __bss_start__ = _sbss
 *(.bss)
 .bss           0x2000005c       0x1c E:/programi/STM32CubeIDE_1.18.0/STM32CubeIDE/plugins/com.st.stm32cube.ide.mcu.externaltools.gnu-tools-for-stm32.13.3.rel1.win32_1.0.0.202411081344/tools/bin/../lib/gcc/arm-none-eabi/13.3.1/thumb/v7-m/nofp/crtbegin.o
 *(.bss*)
 .bss.htim2     0x20000078       0x40 ./Core/Src/main.o
                0x20000078                htim2
 .bss.htim4     0x200000b8       0x40 ./Core/Src/main.o
                0x200000b8                htim4
 .bss.huart1    0x200000f8       0x48 ./Core/Src/main.o
                0x200000f8                huart1
 .bss.tree      0x20000140      0xc80 ./Core/Src/menu.o
                0x20000140                tree
 .bss.nextNodeIndex
                0x20000dc0        0x4 ./Core/Src/menu.o
                0x20000dc0                nextNodeIndex
 .bss.childIndices
                0x20000dc4      0xfa0 ./Core/Src/menu.o
                0x20000dc4                childIndices
 .bss.selectedMenuIndex
                0x20001d64        0x4 ./Core/Src/menu.o
                0x20001d64                selectedMenuIndex
 .bss.rotary_encoder_counter
                0x20001d68        0x4 ./Core/Src/stm32l1xx_it.o
                0x20001d68                rotary_encoder_counter
 .bss.rotary_button_endtick
                0x20001d6c        0x4 ./Core/Src/stm32l1xx_it.o
                0x20001d6c                rotary_button_endtick
 .bss.buttonState
                0x20001d70        0x4 ./Core/Src/stm32l1xx_it.o
                0x20001d70                buttonState
 .bss.__sbrk_heap_end
                0x20001d74        0x4 ./Core/Src/sysmem.o
 .bss.uwTick    0x20001d78        0x4 ./Drivers/STM32L1xx_HAL_Driver/Src/stm32l1xx_hal.o
                0x20001d78                uwTick
 .bss.__sf      0x20001d7c      0x138 E:/programi/STM32CubeIDE_1.18.0/STM32CubeIDE/plugins/com.st.stm32cube.ide.mcu.externaltools.gnu-tools-for-stm32.13.3.rel1.win32_1.0.0.202411081344/tools/bin/../lib/gcc/arm-none-eabi/13.3.1/../../../../arm-none-eabi/lib/thumb/v7-m/nofp\libc_nano.a(libc_a-findfp.o)
                0x20001d7c                __sf
 .bss.errno     0x20001eb4        0x4 E:/programi/STM32CubeIDE_1.18.0/STM32CubeIDE/plugins/com.st.stm32cube.ide.mcu.externaltools.gnu-tools-for-stm32.13.3.rel1.win32_1.0.0.202411081344/tools/bin/../lib/gcc/arm-none-eabi/13.3.1/../../../../arm-none-eabi/lib/thumb/v7-m/nofp\libc_nano.a(libc_a-reent.o)
                0x20001eb4                errno
 .bss.__lock___malloc_recursive_mutex
                0x20001eb8        0x1 E:/programi/STM32CubeIDE_1.18.0/STM32CubeIDE/plugins/com.st.stm32cube.ide.mcu.externaltools.gnu-tools-for-stm32.13.3.rel1.win32_1.0.0.202411081344/tools/bin/../lib/gcc/arm-none-eabi/13.3.1/../../../../arm-none-eabi/lib/thumb/v7-m/nofp\libc_nano.a(libc_a-lock.o)
                0x20001eb8                __lock___malloc_recursive_mutex
 *fill*         0x20001eb9        0x3 
 .bss.__malloc_sbrk_start
                0x20001ebc        0x4 E:/programi/STM32CubeIDE_1.18.0/STM32CubeIDE/plugins/com.st.stm32cube.ide.mcu.externaltools.gnu-tools-for-stm32.13.3.rel1.win32_1.0.0.202411081344/tools/bin/../lib/gcc/arm-none-eabi/13.3.1/../../../../arm-none-eabi/lib/thumb/v7-m/nofp\libc_nano.a(libc_a-mallocr.o)
                0x20001ebc                __malloc_sbrk_start
 .bss.__malloc_free_list
                0x20001ec0        0x4 E:/programi/STM32CubeIDE_1.18.0/STM32CubeIDE/plugins/com.st.stm32cube.ide.mcu.externaltools.gnu-tools-for-stm32.13.3.rel1.win32_1.0.0.202411081344/tools/bin/../lib/gcc/arm-none-eabi/13.3.1/../../../../arm-none-eabi/lib/thumb/v7-m/nofp\libc_nano.a(libc_a-mallocr.o)
                0x20001ec0                __malloc_free_list
 *(COMMON)
                0x20001ec4                        . = ALIGN (0x4)
                0x20001ec4                        _ebss = .
                0x20001ec4                        __bss_end__ = _ebss

._user_heap_stack
                0x20001ec4      0x604 load address 0x08003938
                0x20001ec8                        . = ALIGN (0x8)
 *fill*         0x20001ec4        0x4 
                [!provide]                        PROVIDE (end = .)
                0x20001ec8                        PROVIDE (_end = .)
                0x200020c8                        . = (. + _Min_Heap_Size)
 *fill*         0x20001ec8      0x200 
                0x200024c8                        . = (. + _Min_Stack_Size)
 *fill*         0x200020c8      0x400 
                0x200024c8                        . = ALIGN (0x8)

/DISCARD/
 libc.a(*)
 libm.a(*)
 libgcc.a(*)

.ARM.attributes
                0x00000000       0x29
 *(.ARM.attributes)
 .ARM.attributes
                0x00000000       0x1d E:/programi/STM32CubeIDE_1.18.0/STM32CubeIDE/plugins/com.st.stm32cube.ide.mcu.externaltools.gnu-tools-for-stm32.13.3.rel1.win32_1.0.0.202411081344/tools/bin/../lib/gcc/arm-none-eabi/13.3.1/thumb/v7-m/nofp/crti.o
 .ARM.attributes
                0x0000001d       0x2d E:/programi/STM32CubeIDE_1.18.0/STM32CubeIDE/plugins/com.st.stm32cube.ide.mcu.externaltools.gnu-tools-for-stm32.13.3.rel1.win32_1.0.0.202411081344/tools/bin/../lib/gcc/arm-none-eabi/13.3.1/thumb/v7-m/nofp/crtbegin.o
 .ARM.attributes
                0x0000004a       0x2d ./Core/Src/LCDControl.o
 .ARM.attributes
                0x00000077       0x2d ./Core/Src/main.o
 .ARM.attributes
                0x000000a4       0x2d ./Core/Src/menu.o
 .ARM.attributes
                0x000000d1       0x2d ./Core/Src/stm32l1xx_hal_msp.o
 .ARM.attributes
                0x000000fe       0x2d ./Core/Src/stm32l1xx_it.o
 .ARM.attributes
                0x0000012b       0x2d ./Core/Src/sysmem.o
 .ARM.attributes
                0x00000158       0x2d ./Core/Src/system_stm32l1xx.o
 .ARM.attributes
                0x00000185       0x21 ./Core/Startup/startup_stm32l152retx.o
 .ARM.attributes
                0x000001a6       0x2d ./Drivers/STM32L1xx_HAL_Driver/Src/stm32l1xx_hal.o
 .ARM.attributes
                0x000001d3       0x2d ./Drivers/STM32L1xx_HAL_Driver/Src/stm32l1xx_hal_cortex.o
 .ARM.attributes
                0x00000200       0x2d ./Drivers/STM32L1xx_HAL_Driver/Src/stm32l1xx_hal_gpio.o
 .ARM.attributes
                0x0000022d       0x2d ./Drivers/STM32L1xx_HAL_Driver/Src/stm32l1xx_hal_rcc.o
 .ARM.attributes
                0x0000025a       0x2d ./Drivers/STM32L1xx_HAL_Driver/Src/stm32l1xx_hal_tim.o
 .ARM.attributes
                0x00000287       0x2d ./Drivers/STM32L1xx_HAL_Driver/Src/stm32l1xx_hal_tim_ex.o
 .ARM.attributes
                0x000002b4       0x2d ./Drivers/STM32L1xx_HAL_Driver/Src/stm32l1xx_hal_uart.o
 .ARM.attributes
                0x000002e1       0x2d E:/programi/STM32CubeIDE_1.18.0/STM32CubeIDE/plugins/com.st.stm32cube.ide.mcu.externaltools.gnu-tools-for-stm32.13.3.rel1.win32_1.0.0.202411081344/tools/bin/../lib/gcc/arm-none-eabi/13.3.1/../../../../arm-none-eabi/lib/thumb/v7-m/nofp\libc_nano.a(libc_a-findfp.o)
 .ARM.attributes
                0x0000030e       0x2d E:/programi/STM32CubeIDE_1.18.0/STM32CubeIDE/plugins/com.st.stm32cube.ide.mcu.externaltools.gnu-tools-for-stm32.13.3.rel1.win32_1.0.0.202411081344/tools/bin/../lib/gcc/arm-none-eabi/13.3.1/../../../../arm-none-eabi/lib/thumb/v7-m/nofp\libc_nano.a(libc_a-snprintf.o)
 .ARM.attributes
                0x0000033b       0x2d E:/programi/STM32CubeIDE_1.18.0/STM32CubeIDE/plugins/com.st.stm32cube.ide.mcu.externaltools.gnu-tools-for-stm32.13.3.rel1.win32_1.0.0.202411081344/tools/bin/../lib/gcc/arm-none-eabi/13.3.1/../../../../arm-none-eabi/lib/thumb/v7-m/nofp\libc_nano.a(libc_a-memset.o)
 .ARM.attributes
                0x00000368       0x2d E:/programi/STM32CubeIDE_1.18.0/STM32CubeIDE/plugins/com.st.stm32cube.ide.mcu.externaltools.gnu-tools-for-stm32.13.3.rel1.win32_1.0.0.202411081344/tools/bin/../lib/gcc/arm-none-eabi/13.3.1/../../../../arm-none-eabi/lib/thumb/v7-m/nofp\libc_nano.a(libc_a-reent.o)
 .ARM.attributes
                0x00000395       0x2d E:/programi/STM32CubeIDE_1.18.0/STM32CubeIDE/plugins/com.st.stm32cube.ide.mcu.externaltools.gnu-tools-for-stm32.13.3.rel1.win32_1.0.0.202411081344/tools/bin/../lib/gcc/arm-none-eabi/13.3.1/../../../../arm-none-eabi/lib/thumb/v7-m/nofp\libc_nano.a(libc_a-impure.o)
 .ARM.attributes
                0x000003c2       0x2d E:/programi/STM32CubeIDE_1.18.0/STM32CubeIDE/plugins/com.st.stm32cube.ide.mcu.externaltools.gnu-tools-for-stm32.13.3.rel1.win32_1.0.0.202411081344/tools/bin/../lib/gcc/arm-none-eabi/13.3.1/../../../../arm-none-eabi/lib/thumb/v7-m/nofp\libc_nano.a(libc_a-errno.o)
 .ARM.attributes
                0x000003ef       0x2d E:/programi/STM32CubeIDE_1.18.0/STM32CubeIDE/plugins/com.st.stm32cube.ide.mcu.externaltools.gnu-tools-for-stm32.13.3.rel1.win32_1.0.0.202411081344/tools/bin/../lib/gcc/arm-none-eabi/13.3.1/../../../../arm-none-eabi/lib/thumb/v7-m/nofp\libc_nano.a(libc_a-init.o)
 .ARM.attributes
                0x0000041c       0x2d E:/programi/STM32CubeIDE_1.18.0/STM32CubeIDE/plugins/com.st.stm32cube.ide.mcu.externaltools.gnu-tools-for-stm32.13.3.rel1.win32_1.0.0.202411081344/tools/bin/../lib/gcc/arm-none-eabi/13.3.1/../../../../arm-none-eabi/lib/thumb/v7-m/nofp\libc_nano.a(libc_a-lock.o)
 .ARM.attributes
                0x00000449       0x2d E:/programi/STM32CubeIDE_1.18.0/STM32CubeIDE/plugins/com.st.stm32cube.ide.mcu.externaltools.gnu-tools-for-stm32.13.3.rel1.win32_1.0.0.202411081344/tools/bin/../lib/gcc/arm-none-eabi/13.3.1/../../../../arm-none-eabi/lib/thumb/v7-m/nofp\libc_nano.a(libc_a-freer.o)
 .ARM.attributes
                0x00000476       0x2d E:/programi/STM32CubeIDE_1.18.0/STM32CubeIDE/plugins/com.st.stm32cube.ide.mcu.externaltools.gnu-tools-for-stm32.13.3.rel1.win32_1.0.0.202411081344/tools/bin/../lib/gcc/arm-none-eabi/13.3.1/../../../../arm-none-eabi/lib/thumb/v7-m/nofp\libc_nano.a(libc_a-mallocr.o)
 .ARM.attributes
                0x000004a3       0x2d E:/programi/STM32CubeIDE_1.18.0/STM32CubeIDE/plugins/com.st.stm32cube.ide.mcu.externaltools.gnu-tools-for-stm32.13.3.rel1.win32_1.0.0.202411081344/tools/bin/../lib/gcc/arm-none-eabi/13.3.1/../../../../arm-none-eabi/lib/thumb/v7-m/nofp\libc_nano.a(libc_a-mlock.o)
 .ARM.attributes
                0x000004d0       0x2d E:/programi/STM32CubeIDE_1.18.0/STM32CubeIDE/plugins/com.st.stm32cube.ide.mcu.externaltools.gnu-tools-for-stm32.13.3.rel1.win32_1.0.0.202411081344/tools/bin/../lib/gcc/arm-none-eabi/13.3.1/../../../../arm-none-eabi/lib/thumb/v7-m/nofp\libc_nano.a(libc_a-nano-svfprintf.o)
 .ARM.attributes
                0x000004fd       0x2d E:/programi/STM32CubeIDE_1.18.0/STM32CubeIDE/plugins/com.st.stm32cube.ide.mcu.externaltools.gnu-tools-for-stm32.13.3.rel1.win32_1.0.0.202411081344/tools/bin/../lib/gcc/arm-none-eabi/13.3.1/../../../../arm-none-eabi/lib/thumb/v7-m/nofp\libc_nano.a(libc_a-nano-vfprintf_i.o)
 .ARM.attributes
                0x0000052a       0x2d E:/programi/STM32CubeIDE_1.18.0/STM32CubeIDE/plugins/com.st.stm32cube.ide.mcu.externaltools.gnu-tools-for-stm32.13.3.rel1.win32_1.0.0.202411081344/tools/bin/../lib/gcc/arm-none-eabi/13.3.1/../../../../arm-none-eabi/lib/thumb/v7-m/nofp\libc_nano.a(libc_a-memmove.o)
 .ARM.attributes
                0x00000557       0x2d E:/programi/STM32CubeIDE_1.18.0/STM32CubeIDE/plugins/com.st.stm32cube.ide.mcu.externaltools.gnu-tools-for-stm32.13.3.rel1.win32_1.0.0.202411081344/tools/bin/../lib/gcc/arm-none-eabi/13.3.1/../../../../arm-none-eabi/lib/thumb/v7-m/nofp\libc_nano.a(libc_a-sbrkr.o)
 .ARM.attributes
                0x00000584       0x2d E:/programi/STM32CubeIDE_1.18.0/STM32CubeIDE/plugins/com.st.stm32cube.ide.mcu.externaltools.gnu-tools-for-stm32.13.3.rel1.win32_1.0.0.202411081344/tools/bin/../lib/gcc/arm-none-eabi/13.3.1/../../../../arm-none-eabi/lib/thumb/v7-m/nofp\libc_nano.a(libc_a-memchr-stub.o)
 .ARM.attributes
                0x000005b1       0x2d E:/programi/STM32CubeIDE_1.18.0/STM32CubeIDE/plugins/com.st.stm32cube.ide.mcu.externaltools.gnu-tools-for-stm32.13.3.rel1.win32_1.0.0.202411081344/tools/bin/../lib/gcc/arm-none-eabi/13.3.1/../../../../arm-none-eabi/lib/thumb/v7-m/nofp\libc_nano.a(libc_a-memcpy-stub.o)
 .ARM.attributes
                0x000005de       0x2d E:/programi/STM32CubeIDE_1.18.0/STM32CubeIDE/plugins/com.st.stm32cube.ide.mcu.externaltools.gnu-tools-for-stm32.13.3.rel1.win32_1.0.0.202411081344/tools/bin/../lib/gcc/arm-none-eabi/13.3.1/../../../../arm-none-eabi/lib/thumb/v7-m/nofp\libc_nano.a(libc_a-reallocr.o)
 .ARM.attributes
                0x0000060b       0x2d E:/programi/STM32CubeIDE_1.18.0/STM32CubeIDE/plugins/com.st.stm32cube.ide.mcu.externaltools.gnu-tools-for-stm32.13.3.rel1.win32_1.0.0.202411081344/tools/bin/../lib/gcc/arm-none-eabi/13.3.1/../../../../arm-none-eabi/lib/thumb/v7-m/nofp\libc_nano.a(libc_a-msizer.o)
 .ARM.attributes
                0x00000638       0x1d E:/programi/STM32CubeIDE_1.18.0/STM32CubeIDE/plugins/com.st.stm32cube.ide.mcu.externaltools.gnu-tools-for-stm32.13.3.rel1.win32_1.0.0.202411081344/tools/bin/../lib/gcc/arm-none-eabi/13.3.1/thumb/v7-m/nofp\libgcc.a(_aeabi_uldivmod.o)
 .ARM.attributes
                0x00000655       0x2d E:/programi/STM32CubeIDE_1.18.0/STM32CubeIDE/plugins/com.st.stm32cube.ide.mcu.externaltools.gnu-tools-for-stm32.13.3.rel1.win32_1.0.0.202411081344/tools/bin/../lib/gcc/arm-none-eabi/13.3.1/thumb/v7-m/nofp\libgcc.a(_udivmoddi4.o)
 .ARM.attributes
                0x00000682       0x1d E:/programi/STM32CubeIDE_1.18.0/STM32CubeIDE/plugins/com.st.stm32cube.ide.mcu.externaltools.gnu-tools-for-stm32.13.3.rel1.win32_1.0.0.202411081344/tools/bin/../lib/gcc/arm-none-eabi/13.3.1/thumb/v7-m/nofp\libgcc.a(_dvmd_tls.o)
 .ARM.attributes
                0x0000069f       0x1d E:/programi/STM32CubeIDE_1.18.0/STM32CubeIDE/plugins/com.st.stm32cube.ide.mcu.externaltools.gnu-tools-for-stm32.13.3.rel1.win32_1.0.0.202411081344/tools/bin/../lib/gcc/arm-none-eabi/13.3.1/thumb/v7-m/nofp/crtn.o
OUTPUT(LCDLetterDisplay.elf elf32-littlearm)
LOAD linker stubs
LOAD E:/programi/STM32CubeIDE_1.18.0/STM32CubeIDE/plugins/com.st.stm32cube.ide.mcu.externaltools.gnu-tools-for-stm32.13.3.rel1.win32_1.0.0.202411081344/tools/bin/../lib/gcc/arm-none-eabi/13.3.1/../../../../arm-none-eabi/lib/thumb/v7-m/nofp\libc.a
LOAD E:/programi/STM32CubeIDE_1.18.0/STM32CubeIDE/plugins/com.st.stm32cube.ide.mcu.externaltools.gnu-tools-for-stm32.13.3.rel1.win32_1.0.0.202411081344/tools/bin/../lib/gcc/arm-none-eabi/13.3.1/../../../../arm-none-eabi/lib/thumb/v7-m/nofp\libm.a
LOAD E:/programi/STM32CubeIDE_1.18.0/STM32CubeIDE/plugins/com.st.stm32cube.ide.mcu.externaltools.gnu-tools-for-stm32.13.3.rel1.win32_1.0.0.202411081344/tools/bin/../lib/gcc/arm-none-eabi/13.3.1/thumb/v7-m/nofp\libgcc.a

.debug_info     0x00000000     0xb793
 .debug_info    0x00000000      0x83a ./Core/Src/LCDControl.o
 .debug_info    0x0000083a     0x1242 ./Core/Src/main.o
 .debug_info    0x00001a7c      0x472 ./Core/Src/menu.o
 .debug_info    0x00001eee      0xbc4 ./Core/Src/stm32l1xx_hal_msp.o
 .debug_info    0x00002ab2      0x848 ./Core/Src/stm32l1xx_it.o
 .debug_info    0x000032fa      0x168 ./Core/Src/sysmem.o
 .debug_info    0x00003462      0x27c ./Core/Src/system_stm32l1xx.o
 .debug_info    0x000036de       0x30 ./Core/Startup/startup_stm32l152retx.o
 .debug_info    0x0000370e      0x6ef ./Drivers/STM32L1xx_HAL_Driver/Src/stm32l1xx_hal.o
 .debug_info    0x00003dfd      0xce5 ./Drivers/STM32L1xx_HAL_Driver/Src/stm32l1xx_hal_cortex.o
 .debug_info    0x00004ae2      0x5b2 ./Drivers/STM32L1xx_HAL_Driver/Src/stm32l1xx_hal_gpio.o
 .debug_info    0x00005094      0x99b ./Drivers/STM32L1xx_HAL_Driver/Src/stm32l1xx_hal_rcc.o
 .debug_info    0x00005a2f     0x27cd ./Drivers/STM32L1xx_HAL_Driver/Src/stm32l1xx_hal_tim.o
 .debug_info    0x000081fc      0x6a8 ./Drivers/STM32L1xx_HAL_Driver/Src/stm32l1xx_hal_tim_ex.o
 .debug_info    0x000088a4     0x2eef ./Drivers/STM32L1xx_HAL_Driver/Src/stm32l1xx_hal_uart.o

.debug_abbrev   0x00000000     0x1da0
 .debug_abbrev  0x00000000      0x1cc ./Core/Src/LCDControl.o
 .debug_abbrev  0x000001cc      0x31c ./Core/Src/main.o
 .debug_abbrev  0x000004e8      0x1fa ./Core/Src/menu.o
 .debug_abbrev  0x000006e2      0x1d6 ./Core/Src/stm32l1xx_hal_msp.o
 .debug_abbrev  0x000008b8      0x212 ./Core/Src/stm32l1xx_it.o
 .debug_abbrev  0x00000aca       0xbc ./Core/Src/sysmem.o
 .debug_abbrev  0x00000b86      0x11c ./Core/Src/system_stm32l1xx.o
 .debug_abbrev  0x00000ca2       0x24 ./Core/Startup/startup_stm32l152retx.o
 .debug_abbrev  0x00000cc6      0x275 ./Drivers/STM32L1xx_HAL_Driver/Src/stm32l1xx_hal.o
 .debug_abbrev  0x00000f3b      0x31c ./Drivers/STM32L1xx_HAL_Driver/Src/stm32l1xx_hal_cortex.o
 .debug_abbrev  0x00001257      0x1d4 ./Drivers/STM32L1xx_HAL_Driver/Src/stm32l1xx_hal_gpio.o
 .debug_abbrev  0x0000142b      0x2b8 ./Drivers/STM32L1xx_HAL_Driver/Src/stm32l1xx_hal_rcc.o
 .debug_abbrev  0x000016e3      0x25e ./Drivers/STM32L1xx_HAL_Driver/Src/stm32l1xx_hal_tim.o
 .debug_abbrev  0x00001941      0x168 ./Drivers/STM32L1xx_HAL_Driver/Src/stm32l1xx_hal_tim_ex.o
 .debug_abbrev  0x00001aa9      0x2f7 ./Drivers/STM32L1xx_HAL_Driver/Src/stm32l1xx_hal_uart.o

.debug_aranges  0x00000000      0xb30
 .debug_aranges
                0x00000000       0x58 ./Core/Src/LCDControl.o
 .debug_aranges
                0x00000058       0x58 ./Core/Src/main.o
 .debug_aranges
                0x000000b0       0x70 ./Core/Src/menu.o
 .debug_aranges
                0x00000120       0x40 ./Core/Src/stm32l1xx_hal_msp.o
 .debug_aranges
                0x00000160       0x70 ./Core/Src/stm32l1xx_it.o
 .debug_aranges
                0x000001d0       0x20 ./Core/Src/sysmem.o
 .debug_aranges
                0x000001f0       0x28 ./Core/Src/system_stm32l1xx.o
 .debug_aranges
                0x00000218       0x28 ./Core/Startup/startup_stm32l152retx.o
 .debug_aranges
                0x00000240       0xe0 ./Drivers/STM32L1xx_HAL_Driver/Src/stm32l1xx_hal.o
 .debug_aranges
                0x00000320      0x128 ./Drivers/STM32L1xx_HAL_Driver/Src/stm32l1xx_hal_cortex.o
 .debug_aranges
                0x00000448       0x58 ./Drivers/STM32L1xx_HAL_Driver/Src/stm32l1xx_hal_gpio.o
 .debug_aranges
                0x000004a0       0x90 ./Drivers/STM32L1xx_HAL_Driver/Src/stm32l1xx_hal_rcc.o
 .debug_aranges
                0x00000530      0x3d0 ./Drivers/STM32L1xx_HAL_Driver/Src/stm32l1xx_hal_tim.o
 .debug_aranges
                0x00000900       0x28 ./Drivers/STM32L1xx_HAL_Driver/Src/stm32l1xx_hal_tim_ex.o
 .debug_aranges
                0x00000928      0x208 ./Drivers/STM32L1xx_HAL_Driver/Src/stm32l1xx_hal_uart.o

.debug_rnglists
                0x00000000      0x897
 .debug_rnglists
                0x00000000       0x3e ./Core/Src/LCDControl.o
 .debug_rnglists
                0x0000003e       0x41 ./Core/Src/main.o
 .debug_rnglists
                0x0000007f       0x52 ./Core/Src/menu.o
 .debug_rnglists
                0x000000d1       0x2c ./Core/Src/stm32l1xx_hal_msp.o
 .debug_rnglists
                0x000000fd       0x4f ./Core/Src/stm32l1xx_it.o
 .debug_rnglists
                0x0000014c       0x13 ./Core/Src/sysmem.o
 .debug_rnglists
                0x0000015f       0x1a ./Core/Src/system_stm32l1xx.o
 .debug_rnglists
                0x00000179       0x19 ./Core/Startup/startup_stm32l152retx.o
 .debug_rnglists
                0x00000192       0xa3 ./Drivers/STM32L1xx_HAL_Driver/Src/stm32l1xx_hal.o
 .debug_rnglists
                0x00000235       0xd9 ./Drivers/STM32L1xx_HAL_Driver/Src/stm32l1xx_hal_cortex.o
 .debug_rnglists
                0x0000030e       0x3f ./Drivers/STM32L1xx_HAL_Driver/Src/stm32l1xx_hal_gpio.o
 .debug_rnglists
                0x0000034d       0x6d ./Drivers/STM32L1xx_HAL_Driver/Src/stm32l1xx_hal_rcc.o
 .debug_rnglists
                0x000003ba      0x307 ./Drivers/STM32L1xx_HAL_Driver/Src/stm32l1xx_hal_tim.o
 .debug_rnglists
                0x000006c1       0x1a ./Drivers/STM32L1xx_HAL_Driver/Src/stm32l1xx_hal_tim_ex.o
 .debug_rnglists
                0x000006db      0x1bc ./Drivers/STM32L1xx_HAL_Driver/Src/stm32l1xx_hal_uart.o

.debug_macro    0x00000000    0x16dbf
 .debug_macro   0x00000000      0x2a4 ./Core/Src/LCDControl.o
 .debug_macro   0x000002a4      0xacc ./Core/Src/LCDControl.o
 .debug_macro   0x00000d70      0x10f ./Core/Src/LCDControl.o
 .debug_macro   0x00000e7f       0x2e ./Core/Src/LCDControl.o
 .debug_macro   0x00000ead       0x22 ./Core/Src/LCDControl.o
 .debug_macro   0x00000ecf       0x22 ./Core/Src/LCDControl.o
 .debug_macro   0x00000ef1       0x8e ./Core/Src/LCDControl.o
 .debug_macro   0x00000f7f       0x51 ./Core/Src/LCDControl.o
 .debug_macro   0x00000fd0      0x103 ./Core/Src/LCDControl.o
 .debug_macro   0x000010d3       0x6a ./Core/Src/LCDControl.o
 .debug_macro   0x0000113d      0x1df ./Core/Src/LCDControl.o
 .debug_macro   0x0000131c       0x1c ./Core/Src/LCDControl.o
 .debug_macro   0x00001338       0x22 ./Core/Src/LCDControl.o
 .debug_macro   0x0000135a       0xbd ./Core/Src/LCDControl.o
 .debug_macro   0x00001417      0xe49 ./Core/Src/LCDControl.o
 .debug_macro   0x00002260      0x11f ./Core/Src/LCDControl.o
 .debug_macro   0x0000237f     0xb7a1 ./Core/Src/LCDControl.o
 .debug_macro   0x0000db20       0x6d ./Core/Src/LCDControl.o
 .debug_macro   0x0000db8d     0x34e1 ./Core/Src/LCDControl.o
 .debug_macro   0x0001106e      0x190 ./Core/Src/LCDControl.o
 .debug_macro   0x000111fe       0x5b ./Core/Src/LCDControl.o
 .debug_macro   0x00011259      0xe37 ./Core/Src/LCDControl.o
 .debug_macro   0x00012090      0x35b ./Core/Src/LCDControl.o
 .debug_macro   0x000123eb      0x1b8 ./Core/Src/LCDControl.o
 .debug_macro   0x000125a3       0xc5 ./Core/Src/LCDControl.o
 .debug_macro   0x00012668      0x21e ./Core/Src/LCDControl.o
 .debug_macro   0x00012886      0x236 ./Core/Src/LCDControl.o
 .debug_macro   0x00012abc      0x115 ./Core/Src/LCDControl.o
 .debug_macro   0x00012bd1      0x567 ./Core/Src/LCDControl.o
 .debug_macro   0x00013138      0x1e9 ./Core/Src/LCDControl.o
 .debug_macro   0x00013321       0x22 ./Core/Src/LCDControl.o
 .debug_macro   0x00013343      0x788 ./Core/Src/LCDControl.o
 .debug_macro   0x00013acb       0xac ./Core/Src/LCDControl.o
 .debug_macro   0x00013b77      0x2aa ./Core/Src/LCDControl.o
 .debug_macro   0x00013e21      0x170 ./Core/Src/LCDControl.o
 .debug_macro   0x00013f91      0x492 ./Core/Src/LCDControl.o
 .debug_macro   0x00014423       0xdc ./Core/Src/LCDControl.o
 .debug_macro   0x000144ff       0x58 ./Core/Src/LCDControl.o
 .debug_macro   0x00014557       0x61 ./Core/Src/LCDControl.o
 .debug_macro   0x000145b8       0x24 ./Core/Src/LCDControl.o
 .debug_macro   0x000145dc       0x43 ./Core/Src/LCDControl.o
 .debug_macro   0x0001461f       0x34 ./Core/Src/LCDControl.o
 .debug_macro   0x00014653      0x370 ./Core/Src/LCDControl.o
 .debug_macro   0x000149c3       0x16 ./Core/Src/LCDControl.o
 .debug_macro   0x000149d9       0x4a ./Core/Src/LCDControl.o
 .debug_macro   0x00014a23       0x34 ./Core/Src/LCDControl.o
 .debug_macro   0x00014a57       0x10 ./Core/Src/LCDControl.o
 .debug_macro   0x00014a67       0x58 ./Core/Src/LCDControl.o
 .debug_macro   0x00014abf       0x8e ./Core/Src/LCDControl.o
 .debug_macro   0x00014b4d       0x1c ./Core/Src/LCDControl.o
 .debug_macro   0x00014b69      0x185 ./Core/Src/LCDControl.o
 .debug_macro   0x00014cee       0x10 ./Core/Src/LCDControl.o
 .debug_macro   0x00014cfe       0x3c ./Core/Src/LCDControl.o
 .debug_macro   0x00014d3a       0x20 ./Core/Src/LCDControl.o
 .debug_macro   0x00014d5a       0x22 ./Core/Src/LCDControl.o
 .debug_macro   0x00014d7c      0x33a ./Core/Src/main.o
 .debug_macro   0x000150b6       0x16 ./Core/Src/main.o
 .debug_macro   0x000150cc       0x16 ./Core/Src/main.o
 .debug_macro   0x000150e2       0x10 ./Core/Src/main.o
 .debug_macro   0x000150f2       0x16 ./Core/Src/main.o
 .debug_macro   0x00015108       0x16 ./Core/Src/main.o
 .debug_macro   0x0001511e      0x146 ./Core/Src/main.o
 .debug_macro   0x00015264       0x16 ./Core/Src/main.o
 .debug_macro   0x0001527a       0x16 ./Core/Src/main.o
 .debug_macro   0x00015290       0x29 ./Core/Src/main.o
 .debug_macro   0x000152b9       0x16 ./Core/Src/main.o
 .debug_macro   0x000152cf      0x31a ./Core/Src/menu.o
 .debug_macro   0x000155e9       0x5b ./Core/Src/menu.o
 .debug_macro   0x00015644       0x94 ./Core/Src/menu.o
 .debug_macro   0x000156d8       0x57 ./Core/Src/menu.o
 .debug_macro   0x0001572f       0x9e ./Core/Src/menu.o
 .debug_macro   0x000157cd      0x112 ./Core/Src/menu.o
 .debug_macro   0x000158df       0x55 ./Core/Src/menu.o
 .debug_macro   0x00015934      0x1be ./Core/Src/stm32l1xx_hal_msp.o
 .debug_macro   0x00015af2      0x1c8 ./Core/Src/stm32l1xx_it.o
 .debug_macro   0x00015cba      0x112 ./Core/Src/sysmem.o
 .debug_macro   0x00015dcc      0x23c ./Core/Src/sysmem.o
 .debug_macro   0x00016008      0x1af ./Core/Src/system_stm32l1xx.o
 .debug_macro   0x000161b7      0x1d3 ./Drivers/STM32L1xx_HAL_Driver/Src/stm32l1xx_hal.o
 .debug_macro   0x0001638a      0x1af ./Drivers/STM32L1xx_HAL_Driver/Src/stm32l1xx_hal_cortex.o
 .debug_macro   0x00016539      0x1b6 ./Drivers/STM32L1xx_HAL_Driver/Src/stm32l1xx_hal_gpio.o
 .debug_macro   0x000166ef      0x1c1 ./Drivers/STM32L1xx_HAL_Driver/Src/stm32l1xx_hal_rcc.o
 .debug_macro   0x000168b0      0x1b0 ./Drivers/STM32L1xx_HAL_Driver/Src/stm32l1xx_hal_tim.o
 .debug_macro   0x00016a60      0x1af ./Drivers/STM32L1xx_HAL_Driver/Src/stm32l1xx_hal_tim_ex.o
 .debug_macro   0x00016c0f      0x1b0 ./Drivers/STM32L1xx_HAL_Driver/Src/stm32l1xx_hal_uart.o

.debug_line     0x00000000     0xcdca
 .debug_line    0x00000000      0xa03 ./Core/Src/LCDControl.o
 .debug_line    0x00000a03      0xb46 ./Core/Src/main.o
 .debug_line    0x00001549      0xb82 ./Core/Src/menu.o
 .debug_line    0x000020cb      0x7eb ./Core/Src/stm32l1xx_hal_msp.o
 .debug_line    0x000028b6      0x882 ./Core/Src/stm32l1xx_it.o
 .debug_line    0x00003138      0x5a6 ./Core/Src/sysmem.o
 .debug_line    0x000036de      0x7e5 ./Core/Src/system_stm32l1xx.o
 .debug_line    0x00003ec3       0x79 ./Core/Startup/startup_stm32l152retx.o
 .debug_line    0x00003f3c      0xa10 ./Drivers/STM32L1xx_HAL_Driver/Src/stm32l1xx_hal.o
 .debug_line    0x0000494c      0xcdf ./Drivers/STM32L1xx_HAL_Driver/Src/stm32l1xx_hal_cortex.o
 .debug_line    0x0000562b      0xa54 ./Drivers/STM32L1xx_HAL_Driver/Src/stm32l1xx_hal_gpio.o
 .debug_line    0x0000607f      0xfd4 ./Drivers/STM32L1xx_HAL_Driver/Src/stm32l1xx_hal_rcc.o
 .debug_line    0x00007053     0x3035 ./Drivers/STM32L1xx_HAL_Driver/Src/stm32l1xx_hal_tim.o
 .debug_line    0x0000a088      0x7dd ./Drivers/STM32L1xx_HAL_Driver/Src/stm32l1xx_hal_tim_ex.o
 .debug_line    0x0000a865     0x2565 ./Drivers/STM32L1xx_HAL_Driver/Src/stm32l1xx_hal_uart.o

.debug_str      0x00000000    0x8d22a
 .debug_str     0x00000000    0x8d22a ./Core/Src/LCDControl.o
                              0x89cd2 (size before relaxing)
 .debug_str     0x0008d22a    0x8ad6e ./Core/Src/main.o
 .debug_str     0x0008d22a    0x89fd1 ./Core/Src/menu.o
 .debug_str     0x0008d22a    0x86c2b ./Core/Src/stm32l1xx_hal_msp.o
 .debug_str     0x0008d22a    0x86a69 ./Core/Src/stm32l1xx_it.o
 .debug_str     0x0008d22a     0x7718 ./Core/Src/sysmem.o
 .debug_str     0x0008d22a    0x86177 ./Core/Src/system_stm32l1xx.o
 .debug_str     0x0008d22a       0x72 ./Core/Startup/startup_stm32l152retx.o
 .debug_str     0x0008d22a    0x8689f ./Drivers/STM32L1xx_HAL_Driver/Src/stm32l1xx_hal.o
 .debug_str     0x0008d22a    0x869ab ./Drivers/STM32L1xx_HAL_Driver/Src/stm32l1xx_hal_cortex.o
 .debug_str     0x0008d22a    0x8630a ./Drivers/STM32L1xx_HAL_Driver/Src/stm32l1xx_hal_gpio.o
 .debug_str     0x0008d22a    0x86633 ./Drivers/STM32L1xx_HAL_Driver/Src/stm32l1xx_hal_rcc.o
 .debug_str     0x0008d22a    0x8747a ./Drivers/STM32L1xx_HAL_Driver/Src/stm32l1xx_hal_tim.o
 .debug_str     0x0008d22a    0x8661f ./Drivers/STM32L1xx_HAL_Driver/Src/stm32l1xx_hal_tim_ex.o
 .debug_str     0x0008d22a    0x86bdc ./Drivers/STM32L1xx_HAL_Driver/Src/stm32l1xx_hal_uart.o

.comment        0x00000000       0x43
 .comment       0x00000000       0x43 ./Core/Src/LCDControl.o
                                 0x44 (size before relaxing)
 .comment       0x00000043       0x44 ./Core/Src/main.o
 .comment       0x00000043       0x44 ./Core/Src/menu.o
 .comment       0x00000043       0x44 ./Core/Src/stm32l1xx_hal_msp.o
 .comment       0x00000043       0x44 ./Core/Src/stm32l1xx_it.o
 .comment       0x00000043       0x44 ./Core/Src/sysmem.o
 .comment       0x00000043       0x44 ./Core/Src/system_stm32l1xx.o
 .comment       0x00000043       0x44 ./Drivers/STM32L1xx_HAL_Driver/Src/stm32l1xx_hal.o
 .comment       0x00000043       0x44 ./Drivers/STM32L1xx_HAL_Driver/Src/stm32l1xx_hal_cortex.o
 .comment       0x00000043       0x44 ./Drivers/STM32L1xx_HAL_Driver/Src/stm32l1xx_hal_gpio.o
 .comment       0x00000043       0x44 ./Drivers/STM32L1xx_HAL_Driver/Src/stm32l1xx_hal_rcc.o
 .comment       0x00000043       0x44 ./Drivers/STM32L1xx_HAL_Driver/Src/stm32l1xx_hal_tim.o
 .comment       0x00000043       0x44 ./Drivers/STM32L1xx_HAL_Driver/Src/stm32l1xx_hal_tim_ex.o
 .comment       0x00000043       0x44 ./Drivers/STM32L1xx_HAL_Driver/Src/stm32l1xx_hal_uart.o

.debug_frame    0x00000000     0x3364
 .debug_frame   0x00000000      0x124 ./Core/Src/LCDControl.o
 .debug_frame   0x00000124      0x114 ./Core/Src/main.o
 .debug_frame   0x00000238      0x190 ./Core/Src/menu.o
 .debug_frame   0x000003c8       0xcc ./Core/Src/stm32l1xx_hal_msp.o
 .debug_frame   0x00000494      0x13c ./Core/Src/stm32l1xx_it.o
 .debug_frame   0x000005d0       0x34 ./Core/Src/sysmem.o
 .debug_frame   0x00000604       0x58 ./Core/Src/system_stm32l1xx.o
 .debug_frame   0x0000065c      0x33c ./Drivers/STM32L1xx_HAL_Driver/Src/stm32l1xx_hal.o
 .debug_frame   0x00000998      0x4e8 ./Drivers/STM32L1xx_HAL_Driver/Src/stm32l1xx_hal_cortex.o
 .debug_frame   0x00000e80      0x14c ./Drivers/STM32L1xx_HAL_Driver/Src/stm32l1xx_hal_gpio.o
 .debug_frame   0x00000fcc      0x224 ./Drivers/STM32L1xx_HAL_Driver/Src/stm32l1xx_hal_rcc.o
 .debug_frame   0x000011f0     0x11b4 ./Drivers/STM32L1xx_HAL_Driver/Src/stm32l1xx_hal_tim.o
 .debug_frame   0x000023a4       0x60 ./Drivers/STM32L1xx_HAL_Driver/Src/stm32l1xx_hal_tim_ex.o
 .debug_frame   0x00002404      0x944 ./Drivers/STM32L1xx_HAL_Driver/Src/stm32l1xx_hal_uart.o
 .debug_frame   0x00002d48      0x144 E:/programi/STM32CubeIDE_1.18.0/STM32CubeIDE/plugins/com.st.stm32cube.ide.mcu.externaltools.gnu-tools-for-stm32.13.3.rel1.win32_1.0.0.202411081344/tools/bin/../lib/gcc/arm-none-eabi/13.3.1/../../../../arm-none-eabi/lib/thumb/v7-m/nofp\libc_nano.a(libc_a-findfp.o)
 .debug_frame   0x00002e8c       0x7c E:/programi/STM32CubeIDE_1.18.0/STM32CubeIDE/plugins/com.st.stm32cube.ide.mcu.externaltools.gnu-tools-for-stm32.13.3.rel1.win32_1.0.0.202411081344/tools/bin/../lib/gcc/arm-none-eabi/13.3.1/../../../../arm-none-eabi/lib/thumb/v7-m/nofp\libc_nano.a(libc_a-snprintf.o)
 .debug_frame   0x00002f08       0x20 E:/programi/STM32CubeIDE_1.18.0/STM32CubeIDE/plugins/com.st.stm32cube.ide.mcu.externaltools.gnu-tools-for-stm32.13.3.rel1.win32_1.0.0.202411081344/tools/bin/../lib/gcc/arm-none-eabi/13.3.1/../../../../arm-none-eabi/lib/thumb/v7-m/nofp\libc_nano.a(libc_a-memset.o)
 .debug_frame   0x00002f28       0x38 E:/programi/STM32CubeIDE_1.18.0/STM32CubeIDE/plugins/com.st.stm32cube.ide.mcu.externaltools.gnu-tools-for-stm32.13.3.rel1.win32_1.0.0.202411081344/tools/bin/../lib/gcc/arm-none-eabi/13.3.1/../../../../arm-none-eabi/lib/thumb/v7-m/nofp\libc_nano.a(libc_a-reent.o)
 .debug_frame   0x00002f60       0x20 E:/programi/STM32CubeIDE_1.18.0/STM32CubeIDE/plugins/com.st.stm32cube.ide.mcu.externaltools.gnu-tools-for-stm32.13.3.rel1.win32_1.0.0.202411081344/tools/bin/../lib/gcc/arm-none-eabi/13.3.1/../../../../arm-none-eabi/lib/thumb/v7-m/nofp\libc_nano.a(libc_a-errno.o)
 .debug_frame   0x00002f80       0x2c E:/programi/STM32CubeIDE_1.18.0/STM32CubeIDE/plugins/com.st.stm32cube.ide.mcu.externaltools.gnu-tools-for-stm32.13.3.rel1.win32_1.0.0.202411081344/tools/bin/../lib/gcc/arm-none-eabi/13.3.1/../../../../arm-none-eabi/lib/thumb/v7-m/nofp\libc_nano.a(libc_a-init.o)
 .debug_frame   0x00002fac       0xb0 E:/programi/STM32CubeIDE_1.18.0/STM32CubeIDE/plugins/com.st.stm32cube.ide.mcu.externaltools.gnu-tools-for-stm32.13.3.rel1.win32_1.0.0.202411081344/tools/bin/../lib/gcc/arm-none-eabi/13.3.1/../../../../arm-none-eabi/lib/thumb/v7-m/nofp\libc_nano.a(libc_a-lock.o)
 .debug_frame   0x0000305c       0x38 E:/programi/STM32CubeIDE_1.18.0/STM32CubeIDE/plugins/com.st.stm32cube.ide.mcu.externaltools.gnu-tools-for-stm32.13.3.rel1.win32_1.0.0.202411081344/tools/bin/../lib/gcc/arm-none-eabi/13.3.1/../../../../arm-none-eabi/lib/thumb/v7-m/nofp\libc_nano.a(libc_a-freer.o)
 .debug_frame   0x00003094       0x50 E:/programi/STM32CubeIDE_1.18.0/STM32CubeIDE/plugins/com.st.stm32cube.ide.mcu.externaltools.gnu-tools-for-stm32.13.3.rel1.win32_1.0.0.202411081344/tools/bin/../lib/gcc/arm-none-eabi/13.3.1/../../../../arm-none-eabi/lib/thumb/v7-m/nofp\libc_nano.a(libc_a-mallocr.o)
 .debug_frame   0x000030e4       0x30 E:/programi/STM32CubeIDE_1.18.0/STM32CubeIDE/plugins/com.st.stm32cube.ide.mcu.externaltools.gnu-tools-for-stm32.13.3.rel1.win32_1.0.0.202411081344/tools/bin/../lib/gcc/arm-none-eabi/13.3.1/../../../../arm-none-eabi/lib/thumb/v7-m/nofp\libc_nano.a(libc_a-mlock.o)
 .debug_frame   0x00003114       0x90 E:/programi/STM32CubeIDE_1.18.0/STM32CubeIDE/plugins/com.st.stm32cube.ide.mcu.externaltools.gnu-tools-for-stm32.13.3.rel1.win32_1.0.0.202411081344/tools/bin/../lib/gcc/arm-none-eabi/13.3.1/../../../../arm-none-eabi/lib/thumb/v7-m/nofp\libc_nano.a(libc_a-nano-svfprintf.o)
 .debug_frame   0x000031a4       0x60 E:/programi/STM32CubeIDE_1.18.0/STM32CubeIDE/plugins/com.st.stm32cube.ide.mcu.externaltools.gnu-tools-for-stm32.13.3.rel1.win32_1.0.0.202411081344/tools/bin/../lib/gcc/arm-none-eabi/13.3.1/../../../../arm-none-eabi/lib/thumb/v7-m/nofp\libc_nano.a(libc_a-nano-vfprintf_i.o)
 .debug_frame   0x00003204       0x28 E:/programi/STM32CubeIDE_1.18.0/STM32CubeIDE/plugins/com.st.stm32cube.ide.mcu.externaltools.gnu-tools-for-stm32.13.3.rel1.win32_1.0.0.202411081344/tools/bin/../lib/gcc/arm-none-eabi/13.3.1/../../../../arm-none-eabi/lib/thumb/v7-m/nofp\libc_nano.a(libc_a-memmove.o)
 .debug_frame   0x0000322c       0x2c E:/programi/STM32CubeIDE_1.18.0/STM32CubeIDE/plugins/com.st.stm32cube.ide.mcu.externaltools.gnu-tools-for-stm32.13.3.rel1.win32_1.0.0.202411081344/tools/bin/../lib/gcc/arm-none-eabi/13.3.1/../../../../arm-none-eabi/lib/thumb/v7-m/nofp\libc_nano.a(libc_a-sbrkr.o)
 .debug_frame   0x00003258       0x28 E:/programi/STM32CubeIDE_1.18.0/STM32CubeIDE/plugins/com.st.stm32cube.ide.mcu.externaltools.gnu-tools-for-stm32.13.3.rel1.win32_1.0.0.202411081344/tools/bin/../lib/gcc/arm-none-eabi/13.3.1/../../../../arm-none-eabi/lib/thumb/v7-m/nofp\libc_nano.a(libc_a-memchr-stub.o)
 .debug_frame   0x00003280       0x28 E:/programi/STM32CubeIDE_1.18.0/STM32CubeIDE/plugins/com.st.stm32cube.ide.mcu.externaltools.gnu-tools-for-stm32.13.3.rel1.win32_1.0.0.202411081344/tools/bin/../lib/gcc/arm-none-eabi/13.3.1/../../../../arm-none-eabi/lib/thumb/v7-m/nofp\libc_nano.a(libc_a-memcpy-stub.o)
 .debug_frame   0x000032a8       0x3c E:/programi/STM32CubeIDE_1.18.0/STM32CubeIDE/plugins/com.st.stm32cube.ide.mcu.externaltools.gnu-tools-for-stm32.13.3.rel1.win32_1.0.0.202411081344/tools/bin/../lib/gcc/arm-none-eabi/13.3.1/../../../../arm-none-eabi/lib/thumb/v7-m/nofp\libc_nano.a(libc_a-reallocr.o)
 .debug_frame   0x000032e4       0x20 E:/programi/STM32CubeIDE_1.18.0/STM32CubeIDE/plugins/com.st.stm32cube.ide.mcu.externaltools.gnu-tools-for-stm32.13.3.rel1.win32_1.0.0.202411081344/tools/bin/../lib/gcc/arm-none-eabi/13.3.1/../../../../arm-none-eabi/lib/thumb/v7-m/nofp\libc_nano.a(libc_a-msizer.o)
 .debug_frame   0x00003304       0x2c E:/programi/STM32CubeIDE_1.18.0/STM32CubeIDE/plugins/com.st.stm32cube.ide.mcu.externaltools.gnu-tools-for-stm32.13.3.rel1.win32_1.0.0.202411081344/tools/bin/../lib/gcc/arm-none-eabi/13.3.1/thumb/v7-m/nofp\libgcc.a(_aeabi_uldivmod.o)
 .debug_frame   0x00003330       0x34 E:/programi/STM32CubeIDE_1.18.0/STM32CubeIDE/plugins/com.st.stm32cube.ide.mcu.externaltools.gnu-tools-for-stm32.13.3.rel1.win32_1.0.0.202411081344/tools/bin/../lib/gcc/arm-none-eabi/13.3.1/thumb/v7-m/nofp\libgcc.a(_udivmoddi4.o)

.debug_line_str
                0x00000000       0x56
 .debug_line_str
                0x00000000       0x56 ./Core/Startup/startup_stm32l152retx.o
