../Core/Src/menu.c:8:6:InitMenu	80	static
../Core/Src/menu.c:27:6:printChildren	40	static
../Core/Src/menu.c:58:6:addLeaf	32	static
../Core/Src/menu.c:70:5:addNode	32	static
../Core/Src/menu.c:87:6:getChildren	16	static
../Core/Src/menu.c:91:6:PrintMenu	8	static
../Core/Src/menu.c:104:6:OpenMenu	16	static
../Core/Src/menu.c:118:6:CloseMenu	8	static
../Core/Src/menu.c:126:6:executeLeafFunction	16	static
../Core/Src/menu.c:131:6:exampleFunction	8	static
../Core/Src/menu.c:139:9:isLeaf	16	static
